Archive member included to satisfy reference by file (symbol)

c:/devkitPro/libnds/lib\libnds9.a(keys.o)
                              main.o (scanKeys)
c:/devkitPro/libnds/lib\libnds9.a(console.o)
                              main.o (consoleSelect)
c:/devkitPro/libnds/lib\libnds9.a(background.o)
                              main.o (bgState)
c:/devkitPro/libnds/lib\libnds9.a(securearea.o)
                              c:/devkitpro/devkitarm/bin/../lib/gcc/arm-none-eabi/7.1.0/../../../../arm-none-eabi/lib/thumb/ds_arm9_crt0.o (__secure_area__)
c:/devkitPro/libnds/lib\libnds9.a(initSystem.o)
                              c:/devkitpro/devkitarm/bin/../lib/gcc/arm-none-eabi/7.1.0/../../../../arm-none-eabi/lib/thumb/ds_arm9_crt0.o (initSystem)
c:/devkitPro/libnds/lib\libnds9.a(fifosystem.o)
                              c:/devkitPro/libnds/lib\libnds9.a(initSystem.o) (fifoSetValue32Handler)
c:/devkitPro/libnds/lib\libnds9.a(libnds_exit.arm.o)
                              c:/devkitpro/devkitarm/bin/../lib/gcc/arm-none-eabi/7.1.0/../../../../arm-none-eabi/lib/thumb/ds_arm9_crt0.o (__libnds_exit)
c:/devkitPro/libnds/lib\libnds9.a(interrupts.o)
                              c:/devkitPro/libnds/lib\libnds9.a(fifosystem.o) (irqSet)
c:/devkitPro/libnds/lib\libnds9.a(cpu_clock.o)
                              c:/devkitPro/libnds/lib\libnds9.a(initSystem.o) (setCpuClock)
c:/devkitPro/libnds/lib\libnds9.a(IntrWait.o)
                              c:/devkitPro/libnds/lib\libnds9.a(fifosystem.o) (swiIntrWait)
c:/devkitPro/libnds/lib\libnds9.a(mpu_setup.o)
                              c:/devkitpro/devkitarm/bin/../lib/gcc/arm-none-eabi/7.1.0/../../../../arm-none-eabi/lib/thumb/ds_arm9_crt0.o (__libnds_mpu_setup)
c:/devkitPro/libnds/lib\libnds9.a(swiSoftReset.o)
                              c:/devkitPro/libnds/lib\libnds9.a(fifosystem.o) (swiSoftReset)
c:/devkitPro/libnds/lib\libnds9.a(debugprint.o)
                              c:/devkitPro/libnds/lib\libnds9.a(console.o) (nocashWrite)
c:/devkitPro/libnds/lib\libnds9.a(interruptDispatcher.o)
                              c:/devkitPro/libnds/lib\libnds9.a(interrupts.o) (IntrMain)
c:/devkitPro/libnds/lib\libnds9.a(default_font.bin.o)
                              c:/devkitPro/libnds/lib\libnds9.a(console.o) (default_font_bin)
c:/devkitPro/libnds/lib\libnds9.a(trig.o)
                              c:/devkitPro/libnds/lib\libnds9.a(background.o) (sinLerp)
c:/devkitPro/libnds/lib\libnds9.a(system.o)
                              c:/devkitPro/libnds/lib\libnds9.a(initSystem.o) (systemValueHandler)
c:/devkitPro/libnds/lib\libnds9.a(video.o)
                              c:/devkitPro/libnds/lib\libnds9.a(initSystem.o) (vramDefault)
c:/devkitPro/libnds/lib\libnds9.a(timeSupport.o)
                              c:/devkitPro/libnds/lib\libnds9.a(initSystem.o) (__libnds_gtod)
c:/devkitPro/libnds/lib\libnds9.a(biosCalls.o)
                              c:/devkitPro/libnds/lib\libnds9.a(system.o) (swiDelay)
c:/devkitpro/devkitarm/bin/../lib/gcc/arm-none-eabi/7.1.0/thumb\libgcc.a(_divsi3.o)
                              c:/devkitPro/libnds/lib\libnds9.a(console.o) (__aeabi_idivmod)
c:/devkitpro/devkitarm/bin/../lib/gcc/arm-none-eabi/7.1.0/thumb\libgcc.a(_dvmd_tls.o)
                              c:/devkitpro/devkitarm/bin/../lib/gcc/arm-none-eabi/7.1.0/thumb\libgcc.a(_divsi3.o) (__aeabi_idiv0)
c:/devkitpro/devkitarm/bin/../lib/gcc/arm-none-eabi/7.1.0/../../../../arm-none-eabi/lib/thumb\libg.a(lib_a-bsearch.o)
                              c:/devkitPro/libnds/lib\libnds9.a(trig.o) (bsearch)
c:/devkitpro/devkitarm/bin/../lib/gcc/arm-none-eabi/7.1.0/../../../../arm-none-eabi/lib/thumb\libg.a(lib_a-init.o)
                              c:/devkitpro/devkitarm/bin/../lib/gcc/arm-none-eabi/7.1.0/../../../../arm-none-eabi/lib/thumb/ds_arm9_crt0.o (__libc_init_array)
c:/devkitpro/devkitarm/bin/../lib/gcc/arm-none-eabi/7.1.0/../../../../arm-none-eabi/lib/thumb\libg.a(lib_a-iprintf.o)
                              c:/devkitPro/libnds/lib\libnds9.a(console.o) (iprintf)
c:/devkitpro/devkitarm/bin/../lib/gcc/arm-none-eabi/7.1.0/../../../../arm-none-eabi/lib/thumb\libg.a(lib_a-memcpy-stub.o)
                              c:/devkitPro/libnds/lib\libnds9.a(console.o) (memcpy)
c:/devkitpro/devkitarm/bin/../lib/gcc/arm-none-eabi/7.1.0/../../../../arm-none-eabi/lib/thumb\libg.a(lib_a-memset.o)
                              c:/devkitPro/libnds/lib\libnds9.a(background.o) (memset)
c:/devkitpro/devkitarm/bin/../lib/gcc/arm-none-eabi/7.1.0/../../../../arm-none-eabi/lib/thumb\libg.a(lib_a-printf.o)
                              main.o (printf)
c:/devkitpro/devkitarm/bin/../lib/gcc/arm-none-eabi/7.1.0/../../../../arm-none-eabi/lib/thumb\libg.a(lib_a-puts.o)
                              main.o (puts)
c:/devkitpro/devkitarm/bin/../lib/gcc/arm-none-eabi/7.1.0/../../../../arm-none-eabi/lib/thumb\libg.a(lib_a-setvbuf.o)
                              c:/devkitPro/libnds/lib\libnds9.a(console.o) (setvbuf)
[...]
Memory Configuration

Name             Origin             Length             Attributes
ewram            0x02000000         0x00380000
dtcm             0x0b000000         0x00004000
vectors          0x01000000         0x00000100
itcm             0x01000100         0x00007f00
*default*        0x00000000         0xffffffff

Linker script and memory map

                0x02380000                __ewram_end = (ORIGIN (ewram) + LENGTH (ewram))
                0x02380000                __eheap_end = (ORIGIN (ewram) + LENGTH (ewram))
                0x0b004000                __dtcm_top = (ORIGIN (dtcm) + LENGTH (dtcm))
                0x0b003ff8                __irq_flags = (__dtcm_top - 0x8)
                0x0b003ffc                __irq_vector = (__dtcm_top - 0x4)
                0x0b003f00                __sp_svc = (__dtcm_top - 0x100)
                0x0b003e00                __sp_irq = (__sp_svc - 0x100)
                0x0b003d00                __sp_usr = (__sp_irq - 0x100)

.secure         0x02000000      0x800
 *(.secure)
 .secure        0x02000000      0x800 c:/devkitPro/libnds/lib\libnds9.a(securearea.o)
                0x02000000                __secure_area__

.crt0           0x02000800      0x300
                0x02000800                __text_start = .
 *(.crt0)
 .crt0          0x02000800      0x300 c:/devkitpro/devkitarm/bin/../lib/gcc/arm-none-eabi/7.1.0/../../../../arm-none-eabi/lib/thumb/ds_arm9_crt0.o
                0x02000800                _start
                0x02000b00                . = ALIGN (0x4)

.plt
 *(.plt)

.init           0x02000b00        0xc
 *(SORT(.init))
 .init          0x02000b00        0x4 c:/devkitpro/devkitarm/bin/../lib/gcc/arm-none-eabi/7.1.0/thumb/crti.o
                0x02000b00                _init
 .init          0x02000b04        0x8 c:/devkitpro/devkitarm/bin/../lib/gcc/arm-none-eabi/7.1.0/thumb/crtn.o

.text           0x02000b10    0x153f0
 *(EXCLUDE_FILE(*.twl* *.vectors* *.itcm*) .text)
 .text          0x02000b10      0x150 c:/devkitpro/devkitarm/bin/../lib/gcc/arm-none-eabi/7.1.0/thumb\libgcc.a(_divsi3.o)
                0x02000b10                __divsi3
                0x02000b10                __aeabi_idiv
                0x02000c40                __aeabi_idivmod
 .text          0x02000c60        0x4 c:/devkitpro/devkitarm/bin/../lib/gcc/arm-none-eabi/7.1.0/thumb\libgcc.a(_dvmd_tls.o)
                0x02000c60                __aeabi_idiv0
                0x02000c60                __aeabi_ldiv0
 .text          0x02000c64      0x224 c:/devkitpro/devkitarm/bin/../lib/gcc/arm-none-eabi/7.1.0/../../../../arm-none-eabi/lib/thumb\libg.a(lib_a-strcmp.o)
                0x02000c64                strcmp
 .text          0x02000e88      0x11c c:/devkitpro/devkitarm/bin/../lib/gcc/arm-none-eabi/7.1.0/thumb\libgcc.a(_udivsi3.o)
                0x02000e88                __aeabi_uidiv
                0x02000e88                __udivsi3
                0x02000f84                __aeabi_uidivmod
 .text          0x02000fa4      0x424 c:/devkitpro/devkitarm/bin/../lib/gcc/arm-none-eabi/7.1.0/thumb\libgcc.a(_arm_addsubdf3.o)
                0x02000fa4                __aeabi_drsub
                0x02000fac                __aeabi_dsub
                0x02000fac                __subdf3
                0x02000fb0                __aeabi_dadd
                0x02000fb0                __adddf3
                0x020012c0                __floatunsidf
                0x020012c0                __aeabi_ui2d
                0x020012e4                __floatsidf
                0x020012e4                __aeabi_i2d
                0x0200130c                __aeabi_f2d
                0x0200130c                __extendsfdf2
                0x02001354                __floatundidf
                0x02001354                __aeabi_ul2d
                0x02001368                __floatdidf
                0x02001368                __aeabi_l2d
 .text          0x020013c8      0x49c c:/devkitpro/devkitarm/bin/../lib/gcc/arm-none-eabi/7.1.0/thumb\libgcc.a(_arm_muldivdf3.o)
                0x020013c8                __aeabi_dmul
                0x020013c8                __muldf3
                0x02001658                __divdf3
                0x02001658                __aeabi_ddiv
 .text          0x02001864      0x144 c:/devkitpro/devkitarm/bin/../lib/gcc/arm-none-eabi/7.1.0/thumb\libgcc.a(_arm_cmpdf2.o)
                0x02001864                __gtdf2
                0x02001864                __gedf2
                0x0200186c                __ltdf2
                0x0200186c                __ledf2
                0x02001874                __nedf2
                0x02001874                __eqdf2
                0x02001874                __cmpdf2
                0x020018fc                __aeabi_cdrcmple
                0x02001918                __aeabi_cdcmpeq
                0x02001918                __aeabi_cdcmple
                0x02001930                __aeabi_dcmpeq
                0x02001948                __aeabi_dcmplt
                0x02001960                __aeabi_dcmple
                0x02001978                __aeabi_dcmpge
                0x02001990                __aeabi_dcmpgt
 .text          0x020019a8       0x38 c:/devkitpro/devkitarm/bin/../lib/gcc/arm-none-eabi/7.1.0/thumb\libgcc.a(_arm_unorddf2.o)
                0x020019a8                __unorddf2
                0x020019a8                __aeabi_dcmpun
 .text          0x020019e0       0x5c c:/devkitpro/devkitarm/bin/../lib/gcc/arm-none-eabi/7.1.0/thumb\libgcc.a(_arm_fixdfsi.o)
                0x020019e0                __aeabi_d2iz
                0x020019e0                __fixdfsi
 .text          0x02001a3c       0x3c c:/devkitpro/devkitarm/bin/../lib/gcc/arm-none-eabi/7.1.0/thumb\libgcc.a(_aeabi_uldivmod.o)
                0x02001a3c                __aeabi_uldivmod
 .text          0x02001a78       0x28 c:/devkitpro/devkitarm/bin/../lib/gcc/arm-none-eabi/7.1.0/thumb\libgcc.a(_clzdi2.o)
                0x02001a78                __clzdi2
 .text          0x02001aa0       0x48 c:/devkitpro/devkitarm/bin/../lib/gcc/arm-none-eabi/7.1.0/thumb\libgcc.a(_clzsi2.o)
                0x02001aa0                __clzsi2
 *(EXCLUDE_FILE(*.twl* *.vectors* *.itcm*) .stub)
 *(EXCLUDE_FILE(*.twl* *.vectors* *.itcm*) .text.*)
 .text.deregister_tm_clones
                0x02001ae8       0x2c c:/devkitpro/devkitarm/bin/../lib/gcc/arm-none-eabi/7.1.0/thumb/crtbegin.o
 .text.register_tm_clones
                0x02001b14       0x34 c:/devkitpro/devkitarm/bin/../lib/gcc/arm-none-eabi/7.1.0/thumb/crtbegin.o
 .text.__do_global_dtors_aux
                0x02001b48       0x30 c:/devkitpro/devkitarm/bin/../lib/gcc/arm-none-eabi/7.1.0/thumb/crtbegin.o
 .text.frame_dummy
                0x02001b78       0x28 c:/devkitpro/devkitarm/bin/../lib/gcc/arm-none-eabi/7.1.0/thumb/crtbegin.o
 .text.startup  0x02001ba0      0x2b4 main.o
                0x02001ba0                main
 .text.scanKeys
                0x02001e54       0x8c c:/devkitPro/libnds/lib\libnds9.a(keys.o)
                0x02001e54                scanKeys
 .text.keysDown
                0x02001ee0       0x14 c:/devkitPro/libnds/lib\libnds9.a(keys.o)
                0x02001ee0                keysDown
 .text.newRow   0x02001ef4       0xbc c:/devkitPro/libnds/lib\libnds9.a(console.o)
 .text.consoleSelect
                0x02001fb0       0x10 c:/devkitPro/libnds/lib\libnds9.a(console.o)
                0x02001fb0                consoleSelect
 .text.consolePrintChar
                0x02001fc0       0xec c:/devkitPro/libnds/lib\libnds9.a(console.o)
                0x02001fc0                consolePrintChar
 .text.consoleCls
                0x020020ac       0xec c:/devkitPro/libnds/lib\libnds9.a(console.o)
 .text.consoleLoadFont
                0x02002198      0x270 c:/devkitPro/libnds/lib\libnds9.a(console.o)
                0x02002198                consoleLoadFont
 .text.consoleInit
                0x02002408      0x15c c:/devkitPro/libnds/lib\libnds9.a(console.o)
                0x02002408                consoleInit
 .text.con_write
                0x02002564      0x288 c:/devkitPro/libnds/lib\libnds9.a(console.o)
                0x02002564                con_write
 .text.consoleClear
                0x020027ec       0x10 c:/devkitPro/libnds/lib\libnds9.a(console.o)
                0x020027ec                consoleClear
 .text.checkIfText.part.0
                0x020027fc       0x3c c:/devkitPro/libnds/lib\libnds9.a(background.o)
 .text.bgUpdate
                0x02002838       0xec c:/devkitPro/libnds/lib\libnds9.a(background.o)
                0x02002838                bgUpdate
 .text.bgInit_call
                0x02002924       0xbc c:/devkitPro/libnds/lib\libnds9.a(background.o)
                0x02002924                bgInit_call
 .text.bgInitSub_call
                0x020029e0       0xc4 c:/devkitPro/libnds/lib\libnds9.a(background.o)
                0x020029e0                bgInitSub_call
 .text.initSystem
                0x02002aa4      0x194 c:/devkitPro/libnds/lib\libnds9.a(initSystem.o)
                0x02002aa4                initSystem
 .text.__timeoutvbl
                0x02002c38       0x10 c:/devkitPro/libnds/lib\libnds9.a(fifosystem.o)
 .text.fifo_allocBlock.part.0
                0x02002c48       0x34 c:/devkitPro/libnds/lib\libnds9.a(fifosystem.o)
 .text.fifo_waitBlock
                0x02002c7c       0x48 c:/devkitPro/libnds/lib\libnds9.a(fifosystem.o)
 .text.fifo_queueBlock
                0x02002cc4       0x44 c:/devkitPro/libnds/lib\libnds9.a(fifosystem.o)
 .text.fifoInternalSendInterrupt
                0x02002d08       0xac c:/devkitPro/libnds/lib\libnds9.a(fifosystem.o)
 .text.fifoInternalSend.part.3
                0x02002db4       0xd4 c:/devkitPro/libnds/lib\libnds9.a(fifosystem.o)
 .text.fifoGetValue32.part.4
                0x02002e88       0x74 c:/devkitPro/libnds/lib\libnds9.a(fifosystem.o)
 .text.fifoSetValue32Handler
                0x02002efc       0x74 c:/devkitPro/libnds/lib\libnds9.a(fifosystem.o)
                0x02002efc                fifoSetValue32Handler
 .text.fifoSendValue32
                0x02002f70       0x4c c:/devkitPro/libnds/lib\libnds9.a(fifosystem.o)
                0x02002f70                fifoSendValue32
 .text.fifoGetDatamsg
                0x02002fbc      0x140 c:/devkitPro/libnds/lib\libnds9.a(fifosystem.o)
                0x02002fbc                fifoGetDatamsg
 .text.fifoInternalRecvInterrupt
                0x020030fc      0x3a0 c:/devkitPro/libnds/lib\libnds9.a(fifosystem.o)
 .text.fifoSetDatamsgHandler
                0x0200349c       0x9c c:/devkitPro/libnds/lib\libnds9.a(fifosystem.o)
                0x0200349c                fifoSetDatamsgHandler
 .text.fifoInit
                0x02003538      0x1cc c:/devkitPro/libnds/lib\libnds9.a(fifosystem.o)
                0x02003538                fifoInit
 .text.systemErrorExit
                0x02003704        0x4 c:/devkitPro/libnds/lib\libnds9.a(libnds_exit.arm.o)
                0x02003704                systemErrorExit
 .text.__libnds_exit
                0x02003708       0x5c c:/devkitPro/libnds/lib\libnds9.a(libnds_exit.arm.o)
                0x02003708                __libnds_exit
 .text.irqDummy
                0x02003764        0x4 c:/devkitPro/libnds/lib\libnds9.a(interrupts.o)
                0x02003764                irqDummy
 .text.irqSet   0x02003768       0x6c c:/devkitPro/libnds/lib\libnds9.a(interrupts.o)
                0x02003768                irqSet
 .text.irqInit  0x020037d4       0x50 c:/devkitPro/libnds/lib\libnds9.a(interrupts.o)
                0x020037d4                irqInit
 .text.irqEnable
                0x02003824       0x64 c:/devkitPro/libnds/lib\libnds9.a(interrupts.o)
                0x02003824                irqEnable
 .text.irqDisable
                0x02003888       0x64 c:/devkitPro/libnds/lib\libnds9.a(interrupts.o)
                0x02003888                irqDisable
 .text.setCpuClock
                0x020038ec       0x50 c:/devkitPro/libnds/lib\libnds9.a(cpu_clock.o)
                0x020038ec                setCpuClock
 .text.swiIntrWait
                0x0200393c       0x64 c:/devkitPro/libnds/lib\libnds9.a(IntrWait.o)
                0x0200393c                swiIntrWait
 .text.__libnds_mpu_setup
                0x020039a0      0x174 c:/devkitPro/libnds/lib\libnds9.a(mpu_setup.o)
                0x020039a0                __libnds_mpu_setup
 .text.memUncached
                0x02003b14       0x20 c:/devkitPro/libnds/lib\libnds9.a(mpu_setup.o)
                0x02003b14                memUncached
 .text.swiSoftReset
                0x02003b34       0x2c c:/devkitPro/libnds/lib\libnds9.a(swiSoftReset.o)
                0x02003b34                swiSoftReset
 .text.sinLerp  0x02003b60       0xa0 c:/devkitPro/libnds/lib\libnds9.a(trig.o)
                0x02003b60                sinLerp
 .text.cosLerp  0x02003c00       0x14 c:/devkitPro/libnds/lib\libnds9.a(trig.o)
                0x02003c00                cosLerp
 .text.systemValueHandler
                0x02003c14       0x48 c:/devkitPro/libnds/lib\libnds9.a(system.o)
                0x02003c14                systemValueHandler
 .text.systemMsgHandler
                0x02003c5c       0x5c c:/devkitPro/libnds/lib\libnds9.a(system.o)
                0x02003c5c                systemMsgHandler
 .text.powerOn  0x02003cb8       0x2c c:/devkitPro/libnds/lib\libnds9.a(system.o)
                0x02003cb8                powerOn
 .text.vramDefault
                0x02003ce4       0xd0 c:/devkitPro/libnds/lib\libnds9.a(video.o)
                0x02003ce4                vramDefault
 .text.__libnds_gtod
                0x02003db4       0x24 c:/devkitPro/libnds/lib\libnds9.a(timeSupport.o)
                0x02003db4                __libnds_gtod
 .text.swiDelay
                0x02003dd8        0x4 c:/devkitPro/libnds/lib\libnds9.a(biosCalls.o)
                0x02003dd8                swiDelay
 .text.__libc_init_array
                0x02003ddc       0x54 c:/devkitpro/devkitarm/bin/../lib/gcc/arm-none-eabi/7.1.0/../../../../arm-none-eabi/lib/thumb\libg.a(lib_a-init.o)
                0x02003ddc                __libc_init_array
 .text.iprintf  0x02003e30       0x24 c:/devkitpro/devkitarm/bin/../lib/gcc/arm-none-eabi/7.1.0/../../../../arm-none-eabi/lib/thumb\libg.a(lib_a-iprintf.o)
                0x02003e30                iprintf
 .text.memcpy   0x02003e54       0x8c c:/devkitpro/devkitarm/bin/../lib/gcc/arm-none-eabi/7.1.0/../../../../arm-none-eabi/lib/thumb\libg.a(lib_a-memcpy-stub.o)
                0x02003e54                memcpy
 .text.memset   0x02003ee0       0xa4 c:/devkitpro/devkitarm/bin/../lib/gcc/arm-none-eabi/7.1.0/../../../../arm-none-eabi/lib/thumb\libg.a(lib_a-memset.o)
                0x02003ee0                memset
 .text.printf   0x02003f84       0x24 c:/devkitpro/devkitarm/bin/../lib/gcc/arm-none-eabi/7.1.0/../../../../arm-none-eabi/lib/thumb\libg.a(lib_a-printf.o)
                0x02003f84                printf
 .text._puts_r  0x02003fa8       0x84 c:/devkitpro/devkitarm/bin/../lib/gcc/arm-none-eabi/7.1.0/../../../../arm-none-eabi/lib/thumb\libg.a(lib_a-puts.o)
                0x02003fa8                _puts_r
 .text.puts     0x0200402c       0x14 c:/devkitpro/devkitarm/bin/../lib/gcc/arm-none-eabi/7.1.0/../../../../arm-none-eabi/lib/thumb\libg.a(lib_a-puts.o)
                0x0200402c                puts
 .text.setvbuf  0x02004040      0x194 c:/devkitpro/devkitarm/bin/../lib/gcc/arm-none-eabi/7.1.0/../../../../arm-none-eabi/lib/thumb\libg.a(lib_a-setvbuf.o)
                0x02004040                setvbuf
 .text.siscanf  0x020041d4       0x4c c:/devkitpro/devkitarm/bin/../lib/gcc/arm-none-eabi/7.1.0/../../../../arm-none-eabi/lib/thumb\libg.a(lib_a-siscanf.o)
                0x020041d4                siscanf
 .text.__sread  0x02004220       0x34 c:/devkitpro/devkitarm/bin/../lib/gcc/arm-none-eabi/7.1.0/../../../../arm-none-eabi/lib/thumb\libg.a(lib_a-stdio.o)
                0x02004220                __sread
 .text.__seofread
                0x02004254        0x4 c:/devkitpro/devkitarm/bin/../lib/gcc/arm-none-eabi/7.1.0/../../../../arm-none-eabi/lib/thumb\libg.a(lib_a-stdio.o)
                0x02004254                __seofread
 .text.__swrite
                0x02004258       0x48 c:/devkitpro/devkitarm/bin/../lib/gcc/arm-none-eabi/7.1.0/../../../../arm-none-eabi/lib/thumb\libg.a(lib_a-stdio.o)
                0x02004258                __swrite
 .text.__sseek  0x020042a0       0x40 c:/devkitpro/devkitarm/bin/../lib/gcc/arm-none-eabi/7.1.0/../../../../arm-none-eabi/lib/thumb\libg.a(lib_a-stdio.o)
                0x020042a0                __sseek
 .text.__sclose
                0x020042e0       0x10 c:/devkitpro/devkitarm/bin/../lib/gcc/arm-none-eabi/7.1.0/../../../../arm-none-eabi/lib/thumb\libg.a(lib_a-stdio.o)
                0x020042e0                __sclose
 .text.strlen   0x020042f0       0x68 c:/devkitpro/devkitarm/bin/../lib/gcc/arm-none-eabi/7.1.0/../../../../arm-none-eabi/lib/thumb\libg.a(lib_a-strlen-stub.o)
                0x020042f0                strlen
 .text._sungetc_r
                0x02004358       0x88 c:/devkitpro/devkitarm/bin/../lib/gcc/arm-none-eabi/7.1.0/../../../../arm-none-eabi/lib/thumb\libg.a(lib_a-svfiscanf.o)
                0x02004358                _sungetc_r
 .text.__ssrefill_r
                0x020043e0       0x44 c:/devkitpro/devkitarm/bin/../lib/gcc/arm-none-eabi/7.1.0/../../../../arm-none-eabi/lib/thumb\libg.a(lib_a-svfiscanf.o)
                0x020043e0                __ssrefill_r
 .text._sfread_r
                0x02004424       0x90 c:/devkitpro/devkitarm/bin/../lib/gcc/arm-none-eabi/7.1.0/../../../../arm-none-eabi/lib/thumb\libg.a(lib_a-svfiscanf.o)
                0x02004424                _sfread_r
 .text.__ssvfiscanf_r
                0x020044b4     0x1344 c:/devkitpro/devkitarm/bin/../lib/gcc/arm-none-eabi/7.1.0/../../../../arm-none-eabi/lib/thumb\libg.a(lib_a-svfiscanf.o)
                0x020044b4                __ssvfiscanf_r
 .text.__submore
                0x020057f8       0x88 c:/devkitpro/devkitarm/bin/../lib/gcc/arm-none-eabi/7.1.0/../../../../arm-none-eabi/lib/thumb\libg.a(lib_a-ungetc.o)
                0x020057f8                __submore
 .text.get_arg  0x02005880     0x3b24 c:/devkitpro/devkitarm/bin/../lib/gcc/arm-none-eabi/7.1.0/../../../../arm-none-eabi/lib/thumb\libg.a(lib_a-vfiprintf.o)
 .text.__sprint_r.part.0
                0x020093a4       0x14 c:/devkitpro/devkitarm/bin/../lib/gcc/arm-none-eabi/7.1.0/../../../../arm-none-eabi/lib/thumb\libg.a(lib_a-vfiprintf.o)
 .text.__sprint_r
                0x020093b8       0x18 c:/devkitpro/devkitarm/bin/../lib/gcc/arm-none-eabi/7.1.0/../../../../arm-none-eabi/lib/thumb\libg.a(lib_a-vfiprintf.o)
                0x020093b8                __sprint_r
 .text._vfiprintf_r
                0x020093d0     0x1c48 c:/devkitpro/devkitarm/bin/../lib/gcc/arm-none-eabi/7.1.0/../../../../arm-none-eabi/lib/thumb\libg.a(lib_a-vfiprintf.o)
                0x020093d0                _vfiprintf_r
 .text.__sbprintf
                0x0200b018       0x8c c:/devkitpro/devkitarm/bin/../lib/gcc/arm-none-eabi/7.1.0/../../../../arm-none-eabi/lib/thumb\libg.a(lib_a-vfiprintf.o)
 .text.get_arg  0x0200b0a4     0x3b24 c:/devkitpro/devkitarm/bin/../lib/gcc/arm-none-eabi/7.1.0/../../../../arm-none-eabi/lib/thumb\libg.a(lib_a-vfprintf.o)
 .text._vfprintf_r
                0x0200ebc8     0x2c48 c:/devkitpro/devkitarm/bin/../lib/gcc/arm-none-eabi/7.1.0/../../../../arm-none-eabi/lib/thumb\libg.a(lib_a-vfprintf.o)
                0x0200ebc8                _vfprintf_r
 .text.__sbprintf
                0x02011810       0x8c c:/devkitpro/devkitarm/bin/../lib/gcc/arm-none-eabi/7.1.0/../../../../arm-none-eabi/lib/thumb\libg.a(lib_a-vfprintf.o)
 .text._wcrtomb_r
                0x0201189c       0x84 c:/devkitpro/devkitarm/bin/../lib/gcc/arm-none-eabi/7.1.0/../../../../arm-none-eabi/lib/thumb\libg.a(lib_a-wcrtomb.o)
                0x0201189c                _wcrtomb_r
 .text._wcsrtombs_r
                0x02011920       0x1c c:/devkitpro/devkitarm/bin/../lib/gcc/arm-none-eabi/7.1.0/../../../../arm-none-eabi/lib/thumb\libg.a(lib_a-wcsrtombs.o)
                0x02011920                _wcsrtombs_r
 .text.__swsetup_r
                0x0201193c       0xd8 c:/devkitpro/devkitarm/bin/../lib/gcc/arm-none-eabi/7.1.0/../../../../arm-none-eabi/lib/thumb\libg.a(lib_a-wsetup.o)
                0x0201193c                __swsetup_r
 .text.quorem   0x02011a14      0x15c c:/devkitpro/devkitarm/bin/../lib/gcc/arm-none-eabi/7.1.0/../../../../arm-none-eabi/lib/thumb\libg.a(lib_a-dtoa.o)
 .text._dtoa_r  0x02011b70      0xfc8 c:/devkitpro/devkitarm/bin/../lib/gcc/arm-none-eabi/7.1.0/../../../../arm-none-eabi/lib/thumb\libg.a(lib_a-dtoa.o)
                0x02011b70                _dtoa_r
 .text.__sflush_r
                0x02012b38      0x19c c:/devkitpro/devkitarm/bin/../lib/gcc/arm-none-eabi/7.1.0/../../../../arm-none-eabi/lib/thumb\libg.a(lib_a-fflush.o)
                0x02012b38                __sflush_r
 .text._fflush_r
                0x02012cd4       0x58 c:/devkitpro/devkitarm/bin/../lib/gcc/arm-none-eabi/7.1.0/../../../../arm-none-eabi/lib/thumb\libg.a(lib_a-fflush.o)
                0x02012cd4                _fflush_r
 .text._cleanup_r
                0x02012d2c       0x14 c:/devkitpro/devkitarm/bin/../lib/gcc/arm-none-eabi/7.1.0/../../../../arm-none-eabi/lib/thumb\libg.a(lib_a-findfp.o)
                0x02012d2c                _cleanup_r
 .text.std.isra.0
                0x02012d40       0x54 c:/devkitpro/devkitarm/bin/../lib/gcc/arm-none-eabi/7.1.0/../../../../arm-none-eabi/lib/thumb\libg.a(lib_a-findfp.o)
 .text.__sinit  0x02012d94       0x64 c:/devkitpro/devkitarm/bin/../lib/gcc/arm-none-eabi/7.1.0/../../../../arm-none-eabi/lib/thumb\libg.a(lib_a-findfp.o)
                0x02012d94                __sinit
 .text.__sfp_lock_acquire
                0x02012df8       0x14 c:/devkitpro/devkitarm/bin/../lib/gcc/arm-none-eabi/7.1.0/../../../../arm-none-eabi/lib/thumb\libg.a(lib_a-findfp.o)
                0x02012df8                __sfp_lock_acquire
 .text.__sfp_lock_release
                0x02012e0c       0x14 c:/devkitpro/devkitarm/bin/../lib/gcc/arm-none-eabi/7.1.0/../../../../arm-none-eabi/lib/thumb\libg.a(lib_a-findfp.o)
                0x02012e0c                __sfp_lock_release
 .text._malloc_trim_r
                0x02012e20       0xa4 c:/devkitpro/devkitarm/bin/../lib/gcc/arm-none-eabi/7.1.0/../../../../arm-none-eabi/lib/thumb\libg.a(lib_a-freer.o)
                0x02012e20                _malloc_trim_r
 .text._free_r  0x02012ec4      0x1d8 c:/devkitpro/devkitarm/bin/../lib/gcc/arm-none-eabi/7.1.0/../../../../arm-none-eabi/lib/thumb\libg.a(lib_a-freer.o)
                0x02012ec4                _free_r
 .text.__sfvwrite_r
                0x0201309c      0x328 c:/devkitpro/devkitarm/bin/../lib/gcc/arm-none-eabi/7.1.0/../../../../arm-none-eabi/lib/thumb\libg.a(lib_a-fvwrite.o)
                0x0201309c                __sfvwrite_r
 .text._fwalk_reent
                0x020133c4       0x54 c:/devkitpro/devkitarm/bin/../lib/gcc/arm-none-eabi/7.1.0/../../../../arm-none-eabi/lib/thumb\libg.a(lib_a-fwalk.o)
                0x020133c4                _fwalk_reent
 .text.iswspace
                0x02013418       0x78 c:/devkitpro/devkitarm/bin/../lib/gcc/arm-none-eabi/7.1.0/../../../../arm-none-eabi/lib/thumb\libg.a(lib_a-iswspace.o)
                0x02013418                iswspace
 .text.__jp2uc  0x02013490      0x1a0 c:/devkitpro/devkitarm/bin/../lib/gcc/arm-none-eabi/7.1.0/../../../../arm-none-eabi/lib/thumb\libg.a(lib_a-jp2uc.o)
 .text._jp2uc   0x02013630       0x8c c:/devkitpro/devkitarm/bin/../lib/gcc/arm-none-eabi/7.1.0/../../../../arm-none-eabi/lib/thumb\libg.a(lib_a-jp2uc.o)
                0x02013630                _jp2uc
 .text._localeconv_r
                0x020136bc       0x1c c:/devkitpro/devkitarm/bin/../lib/gcc/arm-none-eabi/7.1.0/../../../../arm-none-eabi/lib/thumb\libg.a(lib_a-localeconv.o)
                0x020136bc                _localeconv_r
 .text.__locale_mb_cur_max
                0x020136d8       0x20 c:/devkitpro/devkitarm/bin/../lib/gcc/arm-none-eabi/7.1.0/../../../../arm-none-eabi/lib/thumb\libg.a(lib_a-locale.o)
                0x020136d8                __locale_mb_cur_max
 .text.__locale_ctype_ptr_l
                0x020136f8        0x8 c:/devkitpro/devkitarm/bin/../lib/gcc/arm-none-eabi/7.1.0/../../../../arm-none-eabi/lib/thumb\libg.a(lib_a-locale.o)
                0x020136f8                __locale_ctype_ptr_l
 .text.__locale_ctype_ptr
                0x02013700       0x1c c:/devkitpro/devkitarm/bin/../lib/gcc/arm-none-eabi/7.1.0/../../../../arm-none-eabi/lib/thumb\libg.a(lib_a-locale.o)
                0x02013700                __locale_ctype_ptr
 .text.__swhatbuf_r
                0x0201371c       0x64 c:/devkitpro/devkitarm/bin/../lib/gcc/arm-none-eabi/7.1.0/../../../../arm-none-eabi/lib/thumb\libg.a(lib_a-makebuf.o)
                0x0201371c                __swhatbuf_r
 .text.__smakebuf_r
                0x02013780       0x98 c:/devkitpro/devkitarm/bin/../lib/gcc/arm-none-eabi/7.1.0/../../../../arm-none-eabi/lib/thumb\libg.a(lib_a-makebuf.o)
                0x02013780                __smakebuf_r
 .text.malloc   0x02013818       0x14 c:/devkitpro/devkitarm/bin/../lib/gcc/arm-none-eabi/7.1.0/../../../../arm-none-eabi/lib/thumb\libg.a(lib_a-malloc.o)
                0x02013818                malloc
 .text.free     0x0201382c       0x14 c:/devkitpro/devkitarm/bin/../lib/gcc/arm-none-eabi/7.1.0/../../../../arm-none-eabi/lib/thumb\libg.a(lib_a-malloc.o)
                0x0201382c                free
 .text._malloc_r
                0x02013840      0x56c c:/devkitpro/devkitarm/bin/../lib/gcc/arm-none-eabi/7.1.0/../../../../arm-none-eabi/lib/thumb\libg.a(lib_a-mallocr.o)
                0x02013840                _malloc_r
 .text._mbrtowc_r
                0x02013dac       0x94 c:/devkitpro/devkitarm/bin/../lib/gcc/arm-none-eabi/7.1.0/../../../../arm-none-eabi/lib/thumb\libg.a(lib_a-mbrtowc.o)
                0x02013dac                _mbrtowc_r
 .text.__utf8_mbtowc
                0x02013e40      0x28c c:/devkitpro/devkitarm/bin/../lib/gcc/arm-none-eabi/7.1.0/../../../../arm-none-eabi/lib/thumb\libg.a(lib_a-mbtowc_r.o)
                0x02013e40                __utf8_mbtowc
 .text.memchr   0x020140cc       0x84 c:/devkitpro/devkitarm/bin/../lib/gcc/arm-none-eabi/7.1.0/../../../../arm-none-eabi/lib/thumb\libg.a(lib_a-memchr-stub.o)
                0x020140cc                memchr
 .text.memmove  0x02014150       0xa0 c:/devkitpro/devkitarm/bin/../lib/gcc/arm-none-eabi/7.1.0/../../../../arm-none-eabi/lib/thumb\libg.a(lib_a-memmove.o)
                0x02014150                memmove
 .text.__malloc_lock
                0x020141f0       0x14 c:/devkitpro/devkitarm/bin/../lib/gcc/arm-none-eabi/7.1.0/../../../../arm-none-eabi/lib/thumb\libg.a(lib_a-mlock.o)
                0x020141f0                __malloc_lock
 .text.__malloc_unlock
                0x02014204       0x14 c:/devkitpro/devkitarm/bin/../lib/gcc/arm-none-eabi/7.1.0/../../../../arm-none-eabi/lib/thumb\libg.a(lib_a-mlock.o)
                0x02014204                __malloc_unlock
 .text._Balloc  0x02014218       0x54 c:/devkitpro/devkitarm/bin/../lib/gcc/arm-none-eabi/7.1.0/../../../../arm-none-eabi/lib/thumb\libg.a(lib_a-mprec.o)
                0x02014218                _Balloc
 .text._Bfree   0x0201426c       0x14 c:/devkitpro/devkitarm/bin/../lib/gcc/arm-none-eabi/7.1.0/../../../../arm-none-eabi/lib/thumb\libg.a(lib_a-mprec.o)
                0x0201426c                _Bfree
 .text.__multadd
                0x02014280       0x94 c:/devkitpro/devkitarm/bin/../lib/gcc/arm-none-eabi/7.1.0/../../../../arm-none-eabi/lib/thumb\libg.a(lib_a-mprec.o)
                0x02014280                __multadd
 .text.__hi0bits
                0x02014314       0x38 c:/devkitpro/devkitarm/bin/../lib/gcc/arm-none-eabi/7.1.0/../../../../arm-none-eabi/lib/thumb\libg.a(lib_a-mprec.o)
                0x02014314                __hi0bits
 .text.__lo0bits
                0x0201434c       0x5c c:/devkitpro/devkitarm/bin/../lib/gcc/arm-none-eabi/7.1.0/../../../../arm-none-eabi/lib/thumb\libg.a(lib_a-mprec.o)
                0x0201434c                __lo0bits
 .text.__i2b    0x020143a8       0x18 c:/devkitpro/devkitarm/bin/../lib/gcc/arm-none-eabi/7.1.0/../../../../arm-none-eabi/lib/thumb\libg.a(lib_a-mprec.o)
                0x020143a8                __i2b
 .text.__multiply
                0x020143c0      0x188 c:/devkitpro/devkitarm/bin/../lib/gcc/arm-none-eabi/7.1.0/../../../../arm-none-eabi/lib/thumb\libg.a(lib_a-mprec.o)
                0x020143c0                __multiply
 .text.__pow5mult
                0x02014548       0xc4 c:/devkitpro/devkitarm/bin/../lib/gcc/arm-none-eabi/7.1.0/../../../../arm-none-eabi/lib/thumb\libg.a(lib_a-mprec.o)
                0x02014548                __pow5mult
 .text.__lshift
                0x0201460c       0xc4 c:/devkitpro/devkitarm/bin/../lib/gcc/arm-none-eabi/7.1.0/../../../../arm-none-eabi/lib/thumb\libg.a(lib_a-mprec.o)
                0x0201460c                __lshift
 .text.__mcmp   0x020146d0       0x38 c:/devkitpro/devkitarm/bin/../lib/gcc/arm-none-eabi/7.1.0/../../../../arm-none-eabi/lib/thumb\libg.a(lib_a-mprec.o)
                0x020146d0                __mcmp
 .text.__mdiff  0x02014708      0x128 c:/devkitpro/devkitarm/bin/../lib/gcc/arm-none-eabi/7.1.0/../../../../arm-none-eabi/lib/thumb\libg.a(lib_a-mprec.o)
                0x02014708                __mdiff
 .text.__d2b    0x02014830       0xc0 c:/devkitpro/devkitarm/bin/../lib/gcc/arm-none-eabi/7.1.0/../../../../arm-none-eabi/lib/thumb\libg.a(lib_a-mprec.o)
                0x02014830                __d2b
 .text._realloc_r
                0x020148f0      0x3c4 c:/devkitpro/devkitarm/bin/../lib/gcc/arm-none-eabi/7.1.0/../../../../arm-none-eabi/lib/thumb\libg.a(lib_a-reallocr.o)
                0x020148f0                _realloc_r
 .text.__sccl   0x02014cb4       0x7c c:/devkitpro/devkitarm/bin/../lib/gcc/arm-none-eabi/7.1.0/../../../../arm-none-eabi/lib/thumb\libg.a(lib_a-sccl.o)
                0x02014cb4                __sccl
 .text.frexp    0x02014d30       0x68 c:/devkitpro/devkitarm/bin/../lib/gcc/arm-none-eabi/7.1.0/../../../../arm-none-eabi/lib/thumb\libg.a(lib_a-s_frexp.o)
                0x02014d30                frexp
 .text.strncpy  0x02014d98       0x90 c:/devkitpro/devkitarm/bin/../lib/gcc/arm-none-eabi/7.1.0/../../../../arm-none-eabi/lib/thumb\libg.a(lib_a-strncpy.o)
                0x02014d98                strncpy
 .text._strtoll_l.isra.0
                0x02014e28      0x1bc c:/devkitpro/devkitarm/bin/../lib/gcc/arm-none-eabi/7.1.0/../../../../arm-none-eabi/lib/thumb\libg.a(lib_a-strtoll.o)
 .text._strtoll_r
                0x02014fe4       0x34 c:/devkitpro/devkitarm/bin/../lib/gcc/arm-none-eabi/7.1.0/../../../../arm-none-eabi/lib/thumb\libg.a(lib_a-strtoll.o)
                0x02014fe4                _strtoll_r
 .text._strtol_l.isra.0
                0x02015018      0x140 c:/devkitpro/devkitarm/bin/../lib/gcc/arm-none-eabi/7.1.0/../../../../arm-none-eabi/lib/thumb\libg.a(lib_a-strtol.o)
 .text._strtol_r
                0x02015158       0x34 c:/devkitpro/devkitarm/bin/../lib/gcc/arm-none-eabi/7.1.0/../../../../arm-none-eabi/lib/thumb\libg.a(lib_a-strtol.o)
                0x02015158                _strtol_r
 .text._strtoull_l.isra.0
                0x0201518c      0x1c8 c:/devkitpro/devkitarm/bin/../lib/gcc/arm-none-eabi/7.1.0/../../../../arm-none-eabi/lib/thumb\libg.a(lib_a-strtoull.o)
 .text._strtoull_r
                0x02015354       0x34 c:/devkitpro/devkitarm/bin/../lib/gcc/arm-none-eabi/7.1.0/../../../../arm-none-eabi/lib/thumb\libg.a(lib_a-strtoull.o)
                0x02015354                _strtoull_r
 .text._strtoul_l.isra.0
                0x02015388      0x14c c:/devkitpro/devkitarm/bin/../lib/gcc/arm-none-eabi/7.1.0/../../../../arm-none-eabi/lib/thumb\libg.a(lib_a-strtoul.o)
 .text._strtoul_r
                0x020154d4       0x34 c:/devkitpro/devkitarm/bin/../lib/gcc/arm-none-eabi/7.1.0/../../../../arm-none-eabi/lib/thumb\libg.a(lib_a-strtoul.o)
                0x020154d4                _strtoul_r
 .text._wcsnrtombs_l
                0x02015508      0x110 c:/devkitpro/devkitarm/bin/../lib/gcc/arm-none-eabi/7.1.0/../../../../arm-none-eabi/lib/thumb\libg.a(lib_a-wcsnrtombs.o)
                0x02015508                _wcsnrtombs_l
 .text._wcsnrtombs_r
                0x02015618       0x40 c:/devkitpro/devkitarm/bin/../lib/gcc/arm-none-eabi/7.1.0/../../../../arm-none-eabi/lib/thumb\libg.a(lib_a-wcsnrtombs.o)
                0x02015618                _wcsnrtombs_r
 .text.__utf8_wctomb
                0x02015658       0xbc c:/devkitpro/devkitarm/bin/../lib/gcc/arm-none-eabi/7.1.0/../../../../arm-none-eabi/lib/thumb\libg.a(lib_a-wctomb_r.o)
                0x02015658                __utf8_wctomb
 .text._calloc_r
                0x02015714       0x60 c:/devkitpro/devkitarm/bin/../lib/gcc/arm-none-eabi/7.1.0/../../../../arm-none-eabi/lib/thumb\libg.a(lib_a-callocr.o)
                0x02015714                _calloc_r
 .text._fclose_r
                0x02015774       0xe0 c:/devkitpro/devkitarm/bin/../lib/gcc/arm-none-eabi/7.1.0/../../../../arm-none-eabi/lib/thumb\libg.a(lib_a-fclose.o)
                0x02015774                _fclose_r
 .text.null_write
                0x02015854        0x4 c:/devkitpro/devkitarm/bin/../lib/gcc/arm-none-eabi/7.1.0/../../../../arm-none-eabi/lib/thumb\libsysbase.a(iosupport.o)
 .text._close_r
                0x02015858       0x5c c:/devkitpro/devkitarm/bin/../lib/gcc/arm-none-eabi/7.1.0/../../../../arm-none-eabi/lib/thumb\libsysbase.a(close.o)
                0x02015858                _close_r
 .text._fstat_r
                0x020158b4       0x4c c:/devkitpro/devkitarm/bin/../lib/gcc/arm-none-eabi/7.1.0/../../../../arm-none-eabi/lib/thumb\libsysbase.a(fstat.o)
                0x020158b4                _fstat_r
 .text._isatty_r
                0x02015900        0x4 c:/devkitpro/devkitarm/bin/../lib/gcc/arm-none-eabi/7.1.0/../../../../arm-none-eabi/lib/thumb\libsysbase.a(isatty.o)
                0x02015900                _isatty_r
 .text._lseek_r
                0x02015904       0x5c c:/devkitpro/devkitarm/bin/../lib/gcc/arm-none-eabi/7.1.0/../../../../arm-none-eabi/lib/thumb\libsysbase.a(lseek.o)
                0x02015904                _lseek_r
 .text._read_r  0x02015960       0x50 c:/devkitpro/devkitarm/bin/../lib/gcc/arm-none-eabi/7.1.0/../../../../arm-none-eabi/lib/thumb\libsysbase.a(read.o)
                0x02015960                _read_r
 .text._sbrk_r  0x020159b0       0x54 c:/devkitpro/devkitarm/bin/../lib/gcc/arm-none-eabi/7.1.0/../../../../arm-none-eabi/lib/thumb\libsysbase.a(sbrk.o)
                0x020159b0                _sbrk_r
 .text._write_r
                0x02015a04       0x50 c:/devkitpro/devkitarm/bin/../lib/gcc/arm-none-eabi/7.1.0/../../../../arm-none-eabi/lib/thumb\libsysbase.a(write.o)
                0x02015a04                _write_r
 .text.build_argv
                0x02015a54       0x4c c:/devkitpro/devkitarm/bin/../lib/gcc/arm-none-eabi/7.1.0/../../../../arm-none-eabi/lib/thumb\libsysbase.a(build_argv.o)
                0x02015a54                build_argv
 .text.__flockfile
                0x02015aa0       0x10 c:/devkitpro/devkitarm/bin/../lib/gcc/arm-none-eabi/7.1.0/../../../../arm-none-eabi/lib/thumb\libsysbase.a(flock.o)
                0x02015aa0                __flockfile
 .text.__funlockfile
                0x02015ab0       0x10 c:/devkitpro/devkitarm/bin/../lib/gcc/arm-none-eabi/7.1.0/../../../../arm-none-eabi/lib/thumb\libsysbase.a(flock.o)
                0x02015ab0                __funlockfile
 .text.__libc_lock_acquire
                0x02015ac0       0x1c c:/devkitpro/devkitarm/bin/../lib/gcc/arm-none-eabi/7.1.0/../../../../arm-none-eabi/lib/thumb\libsysbase.a(syscall_support.o)
                0x02015ac0                __libc_lock_acquire
 .text.__libc_lock_release
                0x02015adc       0x1c c:/devkitpro/devkitarm/bin/../lib/gcc/arm-none-eabi/7.1.0/../../../../arm-none-eabi/lib/thumb\libsysbase.a(syscall_support.o)
                0x02015adc                __libc_lock_release
 .text.__libc_lock_init_recursive
                0x02015af8       0x1c c:/devkitpro/devkitarm/bin/../lib/gcc/arm-none-eabi/7.1.0/../../../../arm-none-eabi/lib/thumb\libsysbase.a(syscall_support.o)
                0x02015af8                __libc_lock_init_recursive
 .text.__libc_lock_acquire_recursive
                0x02015b14       0x1c c:/devkitpro/devkitarm/bin/../lib/gcc/arm-none-eabi/7.1.0/../../../../arm-none-eabi/lib/thumb\libsysbase.a(syscall_support.o)
                0x02015b14                __libc_lock_acquire_recursive
 .text.__libc_lock_release_recursive
                0x02015b30       0x1c c:/devkitpro/devkitarm/bin/../lib/gcc/arm-none-eabi/7.1.0/../../../../arm-none-eabi/lib/thumb\libsysbase.a(syscall_support.o)
                0x02015b30                __libc_lock_release_recursive
 .text.__libc_lock_close_recursive
                0x02015b4c       0x1c c:/devkitpro/devkitarm/bin/../lib/gcc/arm-none-eabi/7.1.0/../../../../arm-none-eabi/lib/thumb\libsysbase.a(syscall_support.o)
                0x02015b4c                __libc_lock_close_recursive
 .text.__release_handle
                0x02015b68       0x6c c:/devkitpro/devkitarm/bin/../lib/gcc/arm-none-eabi/7.1.0/../../../../arm-none-eabi/lib/thumb\libsysbase.a(handle_manager.o)
                0x02015b68                __release_handle
 .text.__get_handle
                0x02015bd4       0x1c c:/devkitpro/devkitarm/bin/../lib/gcc/arm-none-eabi/7.1.0/../../../../arm-none-eabi/lib/thumb\libsysbase.a(handle_manager.o)
                0x02015bd4                __get_handle
 .text.__getreent
                0x02015bf0       0x28 c:/devkitpro/devkitarm/bin/../lib/gcc/arm-none-eabi/7.1.0/../../../../arm-none-eabi/lib/thumb\libsysbase.a(getreent.o)
                0x02015bf0                __getreent
 .text.__muldi3
                0x02015c18       0x60 c:/devkitpro/devkitarm/bin/../lib/gcc/arm-none-eabi/7.1.0/thumb\libgcc.a(_muldi3.o)
                0x02015c18                __muldi3
                0x02015c18                __aeabi_lmul
 .text.__udivmoddi4
                0x02015c78      0x188 c:/devkitpro/devkitarm/bin/../lib/gcc/arm-none-eabi/7.1.0/thumb\libgcc.a(_udivmoddi4.o)
                0x02015c78                __udivmoddi4
 .text.__udivmoddi4.__stub
                0x02015e00       0xf0 linker stubs
 *(EXCLUDE_FILE(*.twl*) .gnu.warning)
 *(EXCLUDE_FILE(*.twl*) .gnu.linkonce.t*)
 *(.glue_7)
 .glue_7        0x02015f00        0x0 linker stubs
 *(.glue_7t)
 .glue_7t       0x02015f00        0x0 linker stubs
                0x02015f00                . = ALIGN (0x4)

.vfp11_veneer   0x02015f00        0x0
 .vfp11_veneer  0x02015f00        0x0 linker stubs

.v4_bx          0x02015f00        0x0
 .v4_bx         0x02015f00        0x0 linker stubs

.iplt           0x02015f00        0x0
 .iplt          0x02015f00        0x0 c:/devkitpro/devkitarm/bin/../lib/gcc/arm-none-eabi/7.1.0/../../../../arm-none-eabi/lib/thumb/ds_arm9_crt0.o

.fini           0x02015f00        0xc
 *(.fini)
 .fini          0x02015f00        0x4 c:/devkitpro/devkitarm/bin/../lib/gcc/arm-none-eabi/7.1.0/thumb/crti.o
                0x02015f00                _fini
 .fini          0x02015f04        0x8 c:/devkitpro/devkitarm/bin/../lib/gcc/arm-none-eabi/7.1.0/thumb/crtn.o
                0x02015f0c                __text_end = .

.rodata         0x02015f10    0x20528
 *(EXCLUDE_FILE(*.twl*) .rodata)
 .rodata        0x02015f10    0x10200 logo.o
                0x02015f10                logoBitmap
                0x02025f10                logoPal
 .rodata        0x02026110     0x2004 c:/devkitPro/libnds/lib\libnds9.a(default_font.bin.o)
                0x02026110                default_font_bin
                0x02028110                default_font_bin_size
                0x02028110                default_font_bin_end
 *all.rodata*(*)
 *(EXCLUDE_FILE(*.twl*) .roda)
 *(EXCLUDE_FILE(*.twl*) .rodata.*)
 .rodata.str1.4
                0x02028114      0x13e main.o
 *fill*         0x02028252        0x2 ff
 .rodata.con_write
                0x02028254       0xd4 c:/devkitPro/libnds/lib\libnds9.a(console.o)
 .rodata.con_write.str1.4
                0x02028328       0x30 c:/devkitPro/libnds/lib\libnds9.a(console.o)
 .rodata.consoleClear.str1.4
                0x02028358        0x5 c:/devkitPro/libnds/lib\libnds9.a(console.o)
 .rodata.dotab_stdout
                0x02028358       0x68 c:/devkitPro/libnds/lib\libnds9.a(console.o)
 .rodata.str1.4
                0x020283c0       0x14 c:/devkitPro/libnds/lib\libnds9.a(console.o)
 .rodata.SIN_LUT
                0x020283d4      0x102 c:/devkitPro/libnds/lib\libnds9.a(trig.o)
                0x020283d4                SIN_LUT
 .rodata._puts_r.str1.4
                0x020284d6       0x14 c:/devkitpro/devkitarm/bin/../lib/gcc/arm-none-eabi/7.1.0/../../../../arm-none-eabi/lib/thumb\libg.a(lib_a-puts.o)
                                  0x2 (size before relaxing)
 *fill*         0x020284d6        0x2 ff
 .rodata.__ssvfiscanf_r
                0x020284d8      0x324 c:/devkitpro/devkitarm/bin/../lib/gcc/arm-none-eabi/7.1.0/../../../../arm-none-eabi/lib/thumb\libg.a(lib_a-svfiscanf.o)
 .rodata.basefix.6821
                0x020287fc       0x22 c:/devkitpro/devkitarm/bin/../lib/gcc/arm-none-eabi/7.1.0/../../../../arm-none-eabi/lib/thumb\libg.a(lib_a-svfiscanf.o)
 *fill*         0x0202881e        0x2 ff
 .rodata.get_arg
                0x02028820     0x4f8c c:/devkitpro/devkitarm/bin/../lib/gcc/arm-none-eabi/7.1.0/../../../../arm-none-eabi/lib/thumb\libg.a(lib_a-vfiprintf.o)
 .rodata._vfiprintf_r
                0x0202d7ac      0x16c c:/devkitpro/devkitarm/bin/../lib/gcc/arm-none-eabi/7.1.0/../../../../arm-none-eabi/lib/thumb\libg.a(lib_a-vfiprintf.o)
 .rodata._vfiprintf_r.str1.4
                0x0202d918       0x2f c:/devkitpro/devkitarm/bin/../lib/gcc/arm-none-eabi/7.1.0/../../../../arm-none-eabi/lib/thumb\libg.a(lib_a-vfiprintf.o)
 *fill*         0x0202d947        0x1 ff
 .rodata.blanks.7270
                0x0202d948       0x10 c:/devkitpro/devkitarm/bin/../lib/gcc/arm-none-eabi/7.1.0/../../../../arm-none-eabi/lib/thumb\libg.a(lib_a-vfiprintf.o)
 .rodata.zeroes.7271
                0x0202d958       0x10 c:/devkitpro/devkitarm/bin/../lib/gcc/arm-none-eabi/7.1.0/../../../../arm-none-eabi/lib/thumb\libg.a(lib_a-vfiprintf.o)
 .rodata.get_arg
                0x0202d968     0x4f8c c:/devkitpro/devkitarm/bin/../lib/gcc/arm-none-eabi/7.1.0/../../../../arm-none-eabi/lib/thumb\libg.a(lib_a-vfprintf.o)
 .rodata._vfprintf_r
                0x020328f4      0x16c c:/devkitpro/devkitarm/bin/../lib/gcc/arm-none-eabi/7.1.0/../../../../arm-none-eabi/lib/thumb\libg.a(lib_a-vfprintf.o)
 .rodata._vfprintf_r.str1.4
                0x02032a60       0x12 c:/devkitpro/devkitarm/bin/../lib/gcc/arm-none-eabi/7.1.0/../../../../arm-none-eabi/lib/thumb\libg.a(lib_a-vfprintf.o)
                                 0x42 (size before relaxing)
 *fill*         0x02032a72        0x2 ff
 .rodata.blanks.7302
                0x02032a74       0x10 c:/devkitpro/devkitarm/bin/../lib/gcc/arm-none-eabi/7.1.0/../../../../arm-none-eabi/lib/thumb\libg.a(lib_a-vfprintf.o)
 .rodata.zeroes.7303
                0x02032a84       0x10 c:/devkitpro/devkitarm/bin/../lib/gcc/arm-none-eabi/7.1.0/../../../../arm-none-eabi/lib/thumb\libg.a(lib_a-vfprintf.o)
 .rodata._dtoa_r.str1.4
                0x02032a94       0x10 c:/devkitpro/devkitarm/bin/../lib/gcc/arm-none-eabi/7.1.0/../../../../arm-none-eabi/lib/thumb\libg.a(lib_a-dtoa.o)
                                 0x12 (size before relaxing)
 .rodata.__jp2uc
                0x02032aa4       0x20 c:/devkitpro/devkitarm/bin/../lib/gcc/arm-none-eabi/7.1.0/../../../../arm-none-eabi/lib/thumb\libg.a(lib_a-jp2uc.o)
 .rodata._jp2uc.str1.4
                0x02032ac4       0x12 c:/devkitpro/devkitarm/bin/../lib/gcc/arm-none-eabi/7.1.0/../../../../arm-none-eabi/lib/thumb\libg.a(lib_a-jp2uc.o)
 *fill*         0x02032ad6        0x2 ff
 .rodata.a1     0x02032ad8       0xbc c:/devkitpro/devkitarm/bin/../lib/gcc/arm-none-eabi/7.1.0/../../../../arm-none-eabi/lib/thumb\libg.a(lib_a-jp2uc.o)
 .rodata.a2     0x02032b94       0xbc c:/devkitpro/devkitarm/bin/../lib/gcc/arm-none-eabi/7.1.0/../../../../arm-none-eabi/lib/thumb\libg.a(lib_a-jp2uc.o)
 .rodata.a3     0x02032c50       0x5b c:/devkitpro/devkitarm/bin/../lib/gcc/arm-none-eabi/7.1.0/../../../../arm-none-eabi/lib/thumb\libg.a(lib_a-jp2uc.o)
 *fill*         0x02032cab        0x1 ff
 .rodata.a6     0x02032cac       0x70 c:/devkitpro/devkitarm/bin/../lib/gcc/arm-none-eabi/7.1.0/../../../../arm-none-eabi/lib/thumb\libg.a(lib_a-jp2uc.o)
 .rodata.a7     0x02032d1c       0xa2 c:/devkitpro/devkitarm/bin/../lib/gcc/arm-none-eabi/7.1.0/../../../../arm-none-eabi/lib/thumb\libg.a(lib_a-jp2uc.o)
 *fill*         0x02032dbe        0x2 ff
 .rodata.a8     0x02032dc0       0x40 c:/devkitpro/devkitarm/bin/../lib/gcc/arm-none-eabi/7.1.0/../../../../arm-none-eabi/lib/thumb\libg.a(lib_a-jp2uc.o)
 .rodata.b02cf  0x02032e00     0x172a c:/devkitpro/devkitarm/bin/../lib/gcc/arm-none-eabi/7.1.0/../../../../arm-none-eabi/lib/thumb\libg.a(lib_a-jp2uc.o)
 *fill*         0x0203452a        0x2 ff
 .rodata.d02f4  0x0203452c     0x1a7c c:/devkitpro/devkitarm/bin/../lib/gcc/arm-none-eabi/7.1.0/../../../../arm-none-eabi/lib/thumb\libg.a(lib_a-jp2uc.o)
 .rodata.str1.4
                0x02035fa8       0x48 c:/devkitpro/devkitarm/bin/../lib/gcc/arm-none-eabi/7.1.0/../../../../arm-none-eabi/lib/thumb\libg.a(lib_a-locale.o)
                                 0x4c (size before relaxing)
 .rodata._mbrtowc_r.str1.4
                0x02035ff0        0x1 c:/devkitpro/devkitarm/bin/../lib/gcc/arm-none-eabi/7.1.0/../../../../arm-none-eabi/lib/thumb\libg.a(lib_a-mbrtowc.o)
 .rodata.__mprec_bigtens
                0x02035ff0       0x28 c:/devkitpro/devkitarm/bin/../lib/gcc/arm-none-eabi/7.1.0/../../../../arm-none-eabi/lib/thumb\libg.a(lib_a-mprec.o)
                0x02035ff0                __mprec_bigtens
 .rodata.__mprec_tens
                0x02036018       0xc8 c:/devkitpro/devkitarm/bin/../lib/gcc/arm-none-eabi/7.1.0/../../../../arm-none-eabi/lib/thumb\libg.a(lib_a-mprec.o)
                0x02036018                __mprec_tens
 .rodata.p05.6078
                0x020360e0        0xc c:/devkitpro/devkitarm/bin/../lib/gcc/arm-none-eabi/7.1.0/../../../../arm-none-eabi/lib/thumb\libg.a(lib_a-mprec.o)
 .rodata.__action_table
                0x020360ec       0x6c c:/devkitpro/devkitarm/bin/../lib/gcc/arm-none-eabi/7.1.0/../../../../arm-none-eabi/lib/thumb\libg.a(lib_a-svfiprintf.o)
                0x020360ec                __action_table
 .rodata.__chclass
                0x02036158      0x100 c:/devkitpro/devkitarm/bin/../lib/gcc/arm-none-eabi/7.1.0/../../../../arm-none-eabi/lib/thumb\libg.a(lib_a-svfiprintf.o)
                0x02036158                __chclass
 .rodata.__state_table
                0x02036258       0x6c c:/devkitpro/devkitarm/bin/../lib/gcc/arm-none-eabi/7.1.0/../../../../arm-none-eabi/lib/thumb\libg.a(lib_a-svfiprintf.o)
                0x02036258                __state_table
 .rodata._ctype_
                0x020362c4      0x101 c:/devkitpro/devkitarm/bin/../lib/gcc/arm-none-eabi/7.1.0/../../../../arm-none-eabi/lib/thumb\libg.a(lib_a-ctype_.o)
                0x020362c4                _ctype_
 *fill*         0x020363c5        0x3 ff
 .rodata.AddDevice.str1.4
                0x020363c8        0x8 c:/devkitpro/devkitarm/bin/../lib/gcc/arm-none-eabi/7.1.0/../../../../arm-none-eabi/lib/thumb\libsysbase.a(iosupport.o)
 .rodata.dotab_stdnull
                0x020363d0       0x68 c:/devkitpro/devkitarm/bin/../lib/gcc/arm-none-eabi/7.1.0/../../../../arm-none-eabi/lib/thumb\libsysbase.a(iosupport.o)
                0x020363d0                dotab_stdnull
 *(EXCLUDE_FILE(*.twl*) .gnu.linkonce.r*)
                0x02036438                . = ALIGN (0x4)

.ARM.extab
 *(.ARM.extab* .gnu.linkonce.armextab.*)
                0x02036438                __exidx_start = .

ARM.exidx
 *(.ARM.exidx* .gnu.linkonce.armexidx.*)
                0x02036438                __exidx_end = .
                0x02036438                . = ALIGN (0x4)
                0x02036438                PROVIDE (__preinit_array_start, .)

.preinit_array
 *(.preinit_array)
                0x02036438                PROVIDE (__preinit_array_end, .)
                0x02036438                PROVIDE (__init_array_start, .)

.init_array     0x02036438        0x4
 *(SORT(.init_array.*))
 *(.init_array)
 .init_array    0x02036438        0x4 c:/devkitpro/devkitarm/bin/../lib/gcc/arm-none-eabi/7.1.0/thumb/crtbegin.o
                0x0203643c                PROVIDE (__init_array_end, .)
                [!provide]                PROVIDE (__fini_array_start, .)

.fini_array     0x0203643c        0x4
 *(.fini_array)
 .fini_array    0x0203643c        0x4 c:/devkitpro/devkitarm/bin/../lib/gcc/arm-none-eabi/7.1.0/thumb/crtbegin.o
 *(SORT(.fini_array.*))
                [!provide]                PROVIDE (__fini_array_end, .)

.ctors          0x02036440        0x0
 *crtbegin.o(.ctors)
 *(EXCLUDE_FILE(*crtend.o) .ctors)
 *(SORT(.ctors.*))
 *(.ctors)
                0x02036440                . = ALIGN (0x4)

.dtors          0x02036440        0x0
 *crtbegin.o(.dtors)
 *(EXCLUDE_FILE(*crtend.o) .dtors)
 *(SORT(.dtors.*))
 *(.dtors)
                0x02036440                . = ALIGN (0x4)

.eh_frame       0x02036440        0x4
 *(.eh_frame)
 .eh_frame      0x02036440        0x0 c:/devkitpro/devkitarm/bin/../lib/gcc/arm-none-eabi/7.1.0/thumb/crtbegin.o
 .eh_frame      0x02036440        0x4 c:/devkitpro/devkitarm/bin/../lib/gcc/arm-none-eabi/7.1.0/thumb/crtend.o
                0x02036444                . = ALIGN (0x4)

.rel.dyn        0x02036444        0x0
 .rel.iplt      0x02036444        0x0 c:/devkitpro/devkitarm/bin/../lib/gcc/arm-none-eabi/7.1.0/../../../../arm-none-eabi/lib/thumb/ds_arm9_crt0.o

.gcc_except_table
                0x02036444        0x0
 *(.gcc_except_table)
                0x02036444                . = ALIGN (0x4)

.jcr
 *(.jcr)

.got
 *(.got.plt)
 *(.got)
 *(.rel.got)

.ewram          0x02036444        0x0
                0x02036444                __ewram_start = ABSOLUTE (.)
 *(.ewram)
 *ewram.*(.text)
                0x02036444                . = ALIGN (0x4)

.data           0x02036444     0x1b6c
                0x02036444                __data_start = ABSOLUTE (.)
 *(EXCLUDE_FILE(*.twl*) .data)
 .data          0x02036444       0x28 c:/devkitPro/libnds/lib\libnds9.a(mpu_setup.o)
 *(EXCLUDE_FILE(*.twl*) .data.*)
 .data.count    0x0203646c        0x1 c:/devkitPro/libnds/lib\libnds9.a(keys.o)
 .data.delay    0x0203646d        0x1 c:/devkitPro/libnds/lib\libnds9.a(keys.o)
 .data.repeat   0x0203646e        0x1 c:/devkitPro/libnds/lib\libnds9.a(keys.o)
 *fill*         0x0203646f        0x1 ff
 .data.currentConsole
                0x02036470        0x4 c:/devkitPro/libnds/lib\libnds9.a(console.o)
                0x02036470                currentConsole
 .data.defaultConsole
                0x02036474       0x5c c:/devkitPro/libnds/lib\libnds9.a(console.o)
                0x02036474                defaultConsole
 .data.firstConsoleInit.6490
                0x020364d0        0x1 c:/devkitPro/libnds/lib\libnds9.a(console.o)
 *fill*         0x020364d1        0x3 ff
 .data.bgControl
                0x020364d4       0x20 c:/devkitPro/libnds/lib\libnds9.a(background.o)
                0x020364d4                bgControl
 .data.bgScrollTable
                0x020364f4       0x20 c:/devkitPro/libnds/lib\libnds9.a(background.o)
                0x020364f4                bgScrollTable
 .data.bgTransform
                0x02036514       0x20 c:/devkitPro/libnds/lib\libnds9.a(background.o)
                0x02036514                bgTransform
 .data.fifo_buffer_free
                0x02036534        0x4 c:/devkitPro/libnds/lib\libnds9.a(fifosystem.o)
                0x02036534                fifo_buffer_free
 .data.fifo_freewords
                0x02036538        0x4 c:/devkitPro/libnds/lib\libnds9.a(fifosystem.o)
                0x02036538                fifo_freewords
 .data.fifo_receive_queue
                0x0203653c        0x4 c:/devkitPro/libnds/lib\libnds9.a(fifosystem.o)
                0x0203653c                fifo_receive_queue
 .data.fifo_send_queue
                0x02036540        0x4 c:/devkitPro/libnds/lib\libnds9.a(fifosystem.o)
                0x02036540                fifo_send_queue
 .data.__sfp_lock
                0x02036544        0xc c:/devkitpro/devkitarm/bin/../lib/gcc/arm-none-eabi/7.1.0/../../../../arm-none-eabi/lib/thumb\libg.a(lib_a-findfp.o)
 .data.__sinit_lock
                0x02036550        0xc c:/devkitpro/devkitarm/bin/../lib/gcc/arm-none-eabi/7.1.0/../../../../arm-none-eabi/lib/thumb\libg.a(lib_a-findfp.o)
 .data._impure_ptr
                0x0203655c        0x4 c:/devkitpro/devkitarm/bin/../lib/gcc/arm-none-eabi/7.1.0/../../../../arm-none-eabi/lib/thumb\libg.a(lib_a-impure.o)
                0x0203655c                _impure_ptr
 .data.impure_data
                0x02036560      0x460 c:/devkitpro/devkitarm/bin/../lib/gcc/arm-none-eabi/7.1.0/../../../../arm-none-eabi/lib/thumb\libg.a(lib_a-impure.o)
 .data.__global_locale
                0x020369c0      0x16c c:/devkitpro/devkitarm/bin/../lib/gcc/arm-none-eabi/7.1.0/../../../../arm-none-eabi/lib/thumb\libg.a(lib_a-locale.o)
                0x020369c0                __global_locale
 .data.__malloc_av_
                0x02036b2c      0x408 c:/devkitpro/devkitarm/bin/../lib/gcc/arm-none-eabi/7.1.0/../../../../arm-none-eabi/lib/thumb\libg.a(lib_a-mallocr.o)
                0x02036b2c                __malloc_av_
 .data.__malloc_sbrk_base
                0x02036f34        0x4 c:/devkitpro/devkitarm/bin/../lib/gcc/arm-none-eabi/7.1.0/../../../../arm-none-eabi/lib/thumb\libg.a(lib_a-mallocr.o)
                0x02036f34                __malloc_sbrk_base
 .data.__malloc_trim_threshold
                0x02036f38        0x4 c:/devkitpro/devkitarm/bin/../lib/gcc/arm-none-eabi/7.1.0/../../../../arm-none-eabi/lib/thumb\libg.a(lib_a-mallocr.o)
                0x02036f38                __malloc_trim_threshold
 .data.__malloc_lock_object
                0x02036f3c        0xc c:/devkitpro/devkitarm/bin/../lib/gcc/arm-none-eabi/7.1.0/../../../../arm-none-eabi/lib/thumb\libg.a(lib_a-mlock.o)
 .data.devoptab_list
                0x02036f48       0x40 c:/devkitpro/devkitarm/bin/../lib/gcc/arm-none-eabi/7.1.0/../../../../arm-none-eabi/lib/thumb\libsysbase.a(iosupport.o)
                0x02036f48                devoptab_list
 .data.__hndl_lock
                0x02036f88        0x4 c:/devkitpro/devkitarm/bin/../lib/gcc/arm-none-eabi/7.1.0/../../../../arm-none-eabi/lib/thumb\libsysbase.a(handle_manager.o)
 .data.__stderr_handle
                0x02036f8c        0xc c:/devkitpro/devkitarm/bin/../lib/gcc/arm-none-eabi/7.1.0/../../../../arm-none-eabi/lib/thumb\libsysbase.a(handle_manager.o)
 .data.__stdin_handle
                0x02036f98        0xc c:/devkitpro/devkitarm/bin/../lib/gcc/arm-none-eabi/7.1.0/../../../../arm-none-eabi/lib/thumb\libsysbase.a(handle_manager.o)
 .data.__stdout_handle
                0x02036fa4        0xc c:/devkitpro/devkitarm/bin/../lib/gcc/arm-none-eabi/7.1.0/../../../../arm-none-eabi/lib/thumb\libsysbase.a(handle_manager.o)
 .data.handles  0x02036fb0     0x1000 c:/devkitpro/devkitarm/bin/../lib/gcc/arm-none-eabi/7.1.0/../../../../arm-none-eabi/lib/thumb\libsysbase.a(handle_manager.o)
 *(EXCLUDE_FILE(*.twl*) .gnu.linkonce.d*)
                0x02037fb0                . = ALIGN (0x4)
                0x02037fb0                __data_end = ABSOLUTE (.)
                0x02037fb0                __bss_vma = .

.igot.plt       0x02037fb0        0x0
 .igot.plt      0x02037fb0        0x0 c:/devkitpro/devkitarm/bin/../lib/gcc/arm-none-eabi/7.1.0/../../../../arm-none-eabi/lib/thumb/ds_arm9_crt0.o

.tm_clone_table
                0x02037fb0        0x0
 .tm_clone_table
                0x02037fb0        0x0 c:/devkitpro/devkitarm/bin/../lib/gcc/arm-none-eabi/7.1.0/thumb/crtbegin.o
 .tm_clone_table
                0x02037fb0        0x0 c:/devkitpro/devkitarm/bin/../lib/gcc/arm-none-eabi/7.1.0/thumb/crtend.o

.dtcm           0x0b000000        0x0 load address 0x02037fb0
                0x02037fb0                __dtcm_lma = LOADADDR (.dtcm)
                0x0b000000                __dtcm_start = ABSOLUTE (.)
 *(.dtcm)
 *(.dtcm.*)
                0x0b000000                . = ALIGN (0x4)
                0x0b000000                __dtcm_end = ABSOLUTE (.)

.itcm           0x01000100      0x194 load address 0x02037fb0
                0x02037fb0                __itcm_lma = LOADADDR (.itcm)
                0x01000100                __itcm_start = ABSOLUTE (.)
 *(.itcm)
 .itcm          0x01000100       0xc8 c:/devkitPro/libnds/lib\libnds9.a(interrupts.o)
                0x01000100                irqTable
 .itcm          0x010001c8       0xcc c:/devkitPro/libnds/lib\libnds9.a(interruptDispatcher.o)
                0x010001c8                IntrMain
 *.itcm*(.text .stub .text.*)
                0x01000294                . = ALIGN (0x4)
                0x01000294                __itcm_end = ABSOLUTE (.)

.vectors        0x01000000        0x0 load address 0x02038144
                0x02038144                __vectors_lma = LOADADDR (.vectors)
                0x01000000                __vectors_start = ABSOLUTE (.)
 *(.vectors)
 *.vectors*(.text .stub .text.*)
                0x01000000                . = ALIGN (0x4)
                0x01000000                __vectors_end = ABSOLUTE (.)

.sbss           0x0b000000        0x0
                0x0b000000                __sbss_start = ABSOLUTE (.)
                0x0b000000                __sbss_start__ = ABSOLUTE (.)
 *(.sbss)
                0x0b000000                . = ALIGN (0x4)
                0x0b000000                __sbss_end = ABSOLUTE (.)

.bss            0x02037fb0      0xc94
                0x02037fb0                __bss_start = ABSOLUTE (.)
                0x02037fb0                __bss_start__ = ABSOLUTE (.)
 *(EXCLUDE_FILE(*.twl*) .dynbss)
 *(EXCLUDE_FILE(*.twl*) .gnu.linkonce.b*)
 *(EXCLUDE_FILE(*.twl*) .bss*)
 .bss.completed.6484
                0x02037fb0        0x1 c:/devkitpro/devkitarm/bin/../lib/gcc/arm-none-eabi/7.1.0/thumb/crtbegin.o
 *fill*         0x02037fb1        0x3 
 .bss.object.6489
                0x02037fb4       0x18 c:/devkitpro/devkitarm/bin/../lib/gcc/arm-none-eabi/7.1.0/thumb/crtbegin.o
 .bss.keys      0x02037fcc        0x2 c:/devkitPro/libnds/lib\libnds9.a(keys.o)
 .bss.keysold   0x02037fce        0x2 c:/devkitPro/libnds/lib\libnds9.a(keys.o)
 .bss.keysrepeat
                0x02037fd0        0x2 c:/devkitPro/libnds/lib\libnds9.a(keys.o)
 *fill*         0x02037fd2        0x2 
 .bss.__timeout
                0x02037fd4        0x4 c:/devkitPro/libnds/lib\libnds9.a(fifosystem.o)
 .bss.processing
                0x02037fd8        0x4 c:/devkitPro/libnds/lib\libnds9.a(fifosystem.o)
                0x02037fd8                processing
 .bss.SDcallback
                0x02037fdc        0x4 c:/devkitPro/libnds/lib\libnds9.a(system.o)
 .bss.__malloc_current_mallinfo
                0x02037fe0       0x28 c:/devkitpro/devkitarm/bin/../lib/gcc/arm-none-eabi/7.1.0/../../../../arm-none-eabi/lib/thumb\libg.a(lib_a-mallocr.o)
                0x02037fe0                __malloc_current_mallinfo
 .bss.__malloc_max_sbrked_mem
                0x02038008        0x4 c:/devkitpro/devkitarm/bin/../lib/gcc/arm-none-eabi/7.1.0/../../../../arm-none-eabi/lib/thumb\libg.a(lib_a-mallocr.o)
                0x02038008                __malloc_max_sbrked_mem
 .bss.__malloc_max_total_mem
                0x0203800c        0x4 c:/devkitpro/devkitarm/bin/../lib/gcc/arm-none-eabi/7.1.0/../../../../arm-none-eabi/lib/thumb\libg.a(lib_a-mallocr.o)
                0x0203800c                __malloc_max_total_mem
 .bss.__malloc_top_pad
                0x02038010        0x4 c:/devkitpro/devkitarm/bin/../lib/gcc/arm-none-eabi/7.1.0/../../../../arm-none-eabi/lib/thumb\libg.a(lib_a-mallocr.o)
                0x02038010                __malloc_top_pad
 .bss.heap_start.5814
                0x02038014        0x4 c:/devkitpro/devkitarm/bin/../lib/gcc/arm-none-eabi/7.1.0/../../../../arm-none-eabi/lib/thumb\libsysbase.a(sbrk.o)
 .bss.fake_heap_end
                0x02038018        0x4 c:/devkitpro/devkitarm/bin/../lib/gcc/arm-none-eabi/7.1.0/../../../../arm-none-eabi/lib/thumb\libsysbase.a(malloc_vars.o)
                0x02038018                fake_heap_end
 .bss.fake_heap_start
                0x0203801c        0x4 c:/devkitpro/devkitarm/bin/../lib/gcc/arm-none-eabi/7.1.0/../../../../arm-none-eabi/lib/thumb\libsysbase.a(malloc_vars.o)
                0x0203801c                fake_heap_start
 .bss.__syscalls
                0x02038020       0x38 c:/devkitpro/devkitarm/bin/../lib/gcc/arm-none-eabi/7.1.0/../../../../arm-none-eabi/lib/thumb\libsysbase.a(syscall_support.o)
                0x02038020                __syscalls
 *(EXCLUDE_FILE(*.twl*) COMMON)
 COMMON         0x02038058       0x5c c:/devkitPro/libnds/lib\libnds9.a(console.o)
                0x02038058                currentCopy
 COMMON         0x020380b4      0x148 c:/devkitPro/libnds/lib\libnds9.a(background.o)
                0x020380b4                bgState
                0x020381f4                bgIsTextLut
 COMMON         0x020381fc        0x1 c:/devkitPro/libnds/lib\libnds9.a(initSystem.o)
                0x020381fc                __dsimode
 *fill*         0x020381fd        0x3 
 COMMON         0x02038200      0xa40 c:/devkitPro/libnds/lib\libnds9.a(fifosystem.o)
                0x02038200                fifo_datamsg_data
                0x02038240                fifo_buffer
                0x02038a40                fifo_value32_func
                0x02038a80                fifo_address_func
                0x02038ac0                fifo_value32_data
                0x02038b00                fifo_value32_queue
                0x02038b40                fifo_data_queue
                0x02038b80                fifo_address_data
                0x02038bc0                fifo_datamsg_func
                0x02038c00                fifo_address_queue
 COMMON         0x02038c40        0x4 c:/devkitPro/libnds/lib\libnds9.a(timeSupport.o)
                0x02038c40                punixTime
                0x02038c44                . = ALIGN (0x4)
                0x02038c44                __bss_end__ = ABSOLUTE (.)
                0x02038c44                __end__ = ABSOLUTE (.)

.twl            0x02038c44        0x0 load address 0x02400000
                0x02400000                __arm9i_lma__ = LOADADDR (.twl)
                0x02038c44                __arm9i_start__ = ABSOLUTE (.)
 *(.twl)
 *.twl*(.text .stub .text.* .gnu.linkonce.t.*)
 *.twl*(.rodata)
 *.twl*(.roda)
 *.twl*(.rodata.*)
 *.twl*(.data)
 *.twl*(.data.*)
 *.twl*(.gnu.linkonce.d*)
                0x02038c44                __arm9i_end__ = ABSOLUTE (.)

.twl_bss        0x02038c44        0x0
                0x02038c44                __twl_bss_start__ = ABSOLUTE (.)
 *(.twl_bss)
 *.twl*(.dynbss)
 *.twl*(.gnu.linkonce.b*)
 *.twl*(.bss*)
 *.twl*(COMMON)
                0x02038c44                . = ALIGN (0x4)
                0x02038c44                __twl_bss_end__ = ABSOLUTE (.)
                0x02038c44                __twl_end__ = ABSOLUTE (.)

.stab
 *(.stab)

.stabstr
 *(.stabstr)

.stab.excl
 *(.stab.excl)

.stab.exclstr
 *(.stab.exclstr)

.stab.index
 *(.stab.index)

.stab.indexstr
 *(.stab.indexstr)

.comment        0x00000000       0x44
 *(.comment)
 .comment       0x00000000       0x22 c:/devkitpro/devkitarm/bin/../lib/gcc/arm-none-eabi/7.1.0/thumb/crtbegin.o
                                 0x23 (size before relaxing)
 .comment       0x00000022       0x23 main.o
 .comment       0x00000022       0x22 c:/devkitPro/libnds/lib\libnds9.a(keys.o)
                                 0x23 (size before relaxing)
 .comment       0x00000044       0x23 c:/devkitPro/libnds/lib\libnds9.a(console.o)
 .comment       0x00000044       0x23 c:/devkitPro/libnds/lib\libnds9.a(background.o)
 .comment       0x00000044       0x23 c:/devkitPro/libnds/lib\libnds9.a(securearea.o)
 .comment       0x00000044       0x23 c:/devkitPro/libnds/lib\libnds9.a(initSystem.o)
 .comment       0x00000044       0x23 c:/devkitPro/libnds/lib\libnds9.a(fifosystem.o)
 .comment       0x00000044       0x23 c:/devkitPro/libnds/lib\libnds9.a(libnds_exit.arm.o)
 .comment       0x00000044       0x23 c:/devkitPro/libnds/lib\libnds9.a(interrupts.o)
 .comment       0x00000044       0x23 c:/devkitPro/libnds/lib\libnds9.a(trig.o)
 .comment       0x00000044       0x23 c:/devkitPro/libnds/lib\libnds9.a(system.o)
 .comment       0x00000044       0x23 c:/devkitPro/libnds/lib\libnds9.a(video.o)
 .comment       0x00000044       0x23 c:/devkitPro/libnds/lib\libnds9.a(timeSupport.o)
 .comment       0x00000044       0x23 c:/devkitpro/devkitarm/bin/../lib/gcc/arm-none-eabi/7.1.0/../../../../arm-none-eabi/lib/thumb\libg.a(lib_a-init.o)
 .comment       0x00000044       0x23 c:/devkitpro/devkitarm/bin/../lib/gcc/arm-none-eabi/7.1.0/../../../../arm-none-eabi/lib/thumb\libg.a(lib_a-iprintf.o)
 .comment       0x00000044       0x23 c:/devkitpro/devkitarm/bin/../lib/gcc/arm-none-eabi/7.1.0/../../../../arm-none-eabi/lib/thumb\libg.a(lib_a-memcpy-stub.o)
 .comment       0x00000044       0x23 c:/devkitpro/devkitarm/bin/../lib/gcc/arm-none-eabi/7.1.0/../../../../arm-none-eabi/lib/thumb\libg.a(lib_a-memset.o)
 .comment       0x00000044       0x23 c:/devkitpro/devkitarm/bin/../lib/gcc/arm-none-eabi/7.1.0/../../../../arm-none-eabi/lib/thumb\libg.a(lib_a-printf.o)
 .comment       0x00000044       0x23 c:/devkitpro/devkitarm/bin/../lib/gcc/arm-none-eabi/7.1.0/../../../../arm-none-eabi/lib/thumb\libg.a(lib_a-puts.o)
 .comment       0x00000044       0x23 c:/devkitpro/devkitarm/bin/../lib/gcc/arm-none-eabi/7.1.0/../../../../arm-none-eabi/lib/thumb\libg.a(lib_a-setvbuf.o)
 .comment       0x00000044       0x23 c:/devkitpro/devkitarm/bin/../lib/gcc/arm-none-eabi/7.1.0/../../../../arm-none-eabi/lib/thumb\libg.a(lib_a-siscanf.o)
 .comment       0x00000044       0x23 c:/devkitpro/devkitarm/bin/../lib/gcc/arm-none-eabi/7.1.0/../../../../arm-none-eabi/lib/thumb\libg.a(lib_a-stdio.o)
 .comment       0x00000044       0x23 c:/devkitpro/devkitarm/bin/../lib/gcc/arm-none-eabi/7.1.0/../../../../arm-none-eabi/lib/thumb\libg.a(lib_a-strlen-stub.o)
 .comment       0x00000044       0x23 c:/devkitpro/devkitarm/bin/../lib/gcc/arm-none-eabi/7.1.0/../../../../arm-none-eabi/lib/thumb\libg.a(lib_a-svfiscanf.o)
 .comment       0x00000044       0x23 c:/devkitpro/devkitarm/bin/../lib/gcc/arm-none-eabi/7.1.0/../../../../arm-none-eabi/lib/thumb\libg.a(lib_a-ungetc.o)
 .comment       0x00000044       0x23 c:/devkitpro/devkitarm/bin/../lib/gcc/arm-none-eabi/7.1.0/../../../../arm-none-eabi/lib/thumb\libg.a(lib_a-vfiprintf.o)
 .comment       0x00000044       0x23 c:/devkitpro/devkitarm/bin/../lib/gcc/arm-none-eabi/7.1.0/../../../../arm-none-eabi/lib/thumb\libg.a(lib_a-vfprintf.o)
 .comment       0x00000044       0x23 c:/devkitpro/devkitarm/bin/../lib/gcc/arm-none-eabi/7.1.0/../../../../arm-none-eabi/lib/thumb\libg.a(lib_a-wcrtomb.o)
 .comment       0x00000044       0x23 c:/devkitpro/devkitarm/bin/../lib/gcc/arm-none-eabi/7.1.0/../../../../arm-none-eabi/lib/thumb\libg.a(lib_a-wcsrtombs.o)
 .comment       0x00000044       0x23 c:/devkitpro/devkitarm/bin/../lib/gcc/arm-none-eabi/7.1.0/../../../../arm-none-eabi/lib/thumb\libg.a(lib_a-wsetup.o)
 .comment       0x00000044       0x23 c:/devkitpro/devkitarm/bin/../lib/gcc/arm-none-eabi/7.1.0/../../../../arm-none-eabi/lib/thumb\libg.a(lib_a-dtoa.o)
 .comment       0x00000044       0x23 c:/devkitpro/devkitarm/bin/../lib/gcc/arm-none-eabi/7.1.0/../../../../arm-none-eabi/lib/thumb\libg.a(lib_a-fflush.o)
 .comment       0x00000044       0x23 c:/devkitpro/devkitarm/bin/../lib/gcc/arm-none-eabi/7.1.0/../../../../arm-none-eabi/lib/thumb\libg.a(lib_a-findfp.o)
 .comment       0x00000044       0x23 c:/devkitpro/devkitarm/bin/../lib/gcc/arm-none-eabi/7.1.0/../../../../arm-none-eabi/lib/thumb\libg.a(lib_a-freer.o)
 .comment       0x00000044       0x23 c:/devkitpro/devkitarm/bin/../lib/gcc/arm-none-eabi/7.1.0/../../../../arm-none-eabi/lib/thumb\libg.a(lib_a-fvwrite.o)
 .comment       0x00000044       0x23 c:/devkitpro/devkitarm/bin/../lib/gcc/arm-none-eabi/7.1.0/../../../../arm-none-eabi/lib/thumb\libg.a(lib_a-fwalk.o)
 .comment       0x00000044       0x23 c:/devkitpro/devkitarm/bin/../lib/gcc/arm-none-eabi/7.1.0/../../../../arm-none-eabi/lib/thumb\libg.a(lib_a-impure.o)
 .comment       0x00000044       0x23 c:/devkitpro/devkitarm/bin/../lib/gcc/arm-none-eabi/7.1.0/../../../../arm-none-eabi/lib/thumb\libg.a(lib_a-iswspace.o)
 .comment       0x00000044       0x23 c:/devkitpro/devkitarm/bin/../lib/gcc/arm-none-eabi/7.1.0/../../../../arm-none-eabi/lib/thumb\libg.a(lib_a-jp2uc.o)
 .comment       0x00000044       0x23 c:/devkitpro/devkitarm/bin/../lib/gcc/arm-none-eabi/7.1.0/../../../../arm-none-eabi/lib/thumb\libg.a(lib_a-localeconv.o)
 .comment       0x00000044       0x23 c:/devkitpro/devkitarm/bin/../lib/gcc/arm-none-eabi/7.1.0/../../../../arm-none-eabi/lib/thumb\libg.a(lib_a-locale.o)
 .comment       0x00000044       0x23 c:/devkitpro/devkitarm/bin/../lib/gcc/arm-none-eabi/7.1.0/../../../../arm-none-eabi/lib/thumb\libg.a(lib_a-makebuf.o)
 .comment       0x00000044       0x23 c:/devkitpro/devkitarm/bin/../lib/gcc/arm-none-eabi/7.1.0/../../../../arm-none-eabi/lib/thumb\libg.a(lib_a-malloc.o)
 .comment       0x00000044       0x23 c:/devkitpro/devkitarm/bin/../lib/gcc/arm-none-eabi/7.1.0/../../../../arm-none-eabi/lib/thumb\libg.a(lib_a-mallocr.o)
 .comment       0x00000044       0x23 c:/devkitpro/devkitarm/bin/../lib/gcc/arm-none-eabi/7.1.0/../../../../arm-none-eabi/lib/thumb\libg.a(lib_a-mbrtowc.o)
 .comment       0x00000044       0x23 c:/devkitpro/devkitarm/bin/../lib/gcc/arm-none-eabi/7.1.0/../../../../arm-none-eabi/lib/thumb\libg.a(lib_a-mbtowc_r.o)
 .comment       0x00000044       0x23 c:/devkitpro/devkitarm/bin/../lib/gcc/arm-none-eabi/7.1.0/../../../../arm-none-eabi/lib/thumb\libg.a(lib_a-memchr-stub.o)
 .comment       0x00000044       0x23 c:/devkitpro/devkitarm/bin/../lib/gcc/arm-none-eabi/7.1.0/../../../../arm-none-eabi/lib/thumb\libg.a(lib_a-memmove.o)
 .comment       0x00000044       0x23 c:/devkitpro/devkitarm/bin/../lib/gcc/arm-none-eabi/7.1.0/../../../../arm-none-eabi/lib/thumb\libg.a(lib_a-mlock.o)
 .comment       0x00000044       0x23 c:/devkitpro/devkitarm/bin/../lib/gcc/arm-none-eabi/7.1.0/../../../../arm-none-eabi/lib/thumb\libg.a(lib_a-mprec.o)
 .comment       0x00000044       0x23 c:/devkitpro/devkitarm/bin/../lib/gcc/arm-none-eabi/7.1.0/../../../../arm-none-eabi/lib/thumb\libg.a(lib_a-reallocr.o)
 .comment       0x00000044       0x23 c:/devkitpro/devkitarm/bin/../lib/gcc/arm-none-eabi/7.1.0/../../../../arm-none-eabi/lib/thumb\libg.a(lib_a-sccl.o)
 .comment       0x00000044       0x23 c:/devkitpro/devkitarm/bin/../lib/gcc/arm-none-eabi/7.1.0/../../../../arm-none-eabi/lib/thumb\libg.a(lib_a-s_frexp.o)
 .comment       0x00000044       0x23 c:/devkitpro/devkitarm/bin/../lib/gcc/arm-none-eabi/7.1.0/../../../../arm-none-eabi/lib/thumb\libg.a(lib_a-strncpy.o)
 .comment       0x00000044       0x23 c:/devkitpro/devkitarm/bin/../lib/gcc/arm-none-eabi/7.1.0/../../../../arm-none-eabi/lib/thumb\libg.a(lib_a-strtoll.o)
 .comment       0x00000044       0x23 c:/devkitpro/devkitarm/bin/../lib/gcc/arm-none-eabi/7.1.0/../../../../arm-none-eabi/lib/thumb\libg.a(lib_a-strtol.o)
 .comment       0x00000044       0x23 c:/devkitpro/devkitarm/bin/../lib/gcc/arm-none-eabi/7.1.0/../../../../arm-none-eabi/lib/thumb\libg.a(lib_a-strtoull.o)
 .comment       0x00000044       0x23 c:/devkitpro/devkitarm/bin/../lib/gcc/arm-none-eabi/7.1.0/../../../../arm-none-eabi/lib/thumb\libg.a(lib_a-strtoul.o)
 .comment       0x00000044       0x23 c:/devkitpro/devkitarm/bin/../lib/gcc/arm-none-eabi/7.1.0/../../../../arm-none-eabi/lib/thumb\libg.a(lib_a-svfiprintf.o)
 .comment       0x00000044       0x23 c:/devkitpro/devkitarm/bin/../lib/gcc/arm-none-eabi/7.1.0/../../../../arm-none-eabi/lib/thumb\libg.a(lib_a-wcsnrtombs.o)
 .comment       0x00000044       0x23 c:/devkitpro/devkitarm/bin/../lib/gcc/arm-none-eabi/7.1.0/../../../../arm-none-eabi/lib/thumb\libg.a(lib_a-wctomb_r.o)
 .comment       0x00000044       0x23 c:/devkitpro/devkitarm/bin/../lib/gcc/arm-none-eabi/7.1.0/../../../../arm-none-eabi/lib/thumb\libg.a(lib_a-callocr.o)
 .comment       0x00000044       0x23 c:/devkitpro/devkitarm/bin/../lib/gcc/arm-none-eabi/7.1.0/../../../../arm-none-eabi/lib/thumb\libg.a(lib_a-ctype_.o)
 .comment       0x00000044       0x23 c:/devkitpro/devkitarm/bin/../lib/gcc/arm-none-eabi/7.1.0/../../../../arm-none-eabi/lib/thumb\libg.a(lib_a-fclose.o)
 .comment       0x00000044       0x23 c:/devkitpro/devkitarm/bin/../lib/gcc/arm-none-eabi/7.1.0/../../../../arm-none-eabi/lib/thumb\libsysbase.a(iosupport.o)
 .comment       0x00000044       0x23 c:/devkitpro/devkitarm/bin/../lib/gcc/arm-none-eabi/7.1.0/../../../../arm-none-eabi/lib/thumb\libsysbase.a(close.o)
 .comment       0x00000044       0x23 c:/devkitpro/devkitarm/bin/../lib/gcc/arm-none-eabi/7.1.0/../../../../arm-none-eabi/lib/thumb\libsysbase.a(fstat.o)
 .comment       0x00000044       0x23 c:/devkitpro/devkitarm/bin/../lib/gcc/arm-none-eabi/7.1.0/../../../../arm-none-eabi/lib/thumb\libsysbase.a(isatty.o)
 .comment       0x00000044       0x23 c:/devkitpro/devkitarm/bin/../lib/gcc/arm-none-eabi/7.1.0/../../../../arm-none-eabi/lib/thumb\libsysbase.a(lseek.o)
 .comment       0x00000044       0x23 c:/devkitpro/devkitarm/bin/../lib/gcc/arm-none-eabi/7.1.0/../../../../arm-none-eabi/lib/thumb\libsysbase.a(read.o)
 .comment       0x00000044       0x23 c:/devkitpro/devkitarm/bin/../lib/gcc/arm-none-eabi/7.1.0/../../../../arm-none-eabi/lib/thumb\libsysbase.a(sbrk.o)
 .comment       0x00000044       0x23 c:/devkitpro/devkitarm/bin/../lib/gcc/arm-none-eabi/7.1.0/../../../../arm-none-eabi/lib/thumb\libsysbase.a(write.o)
 .comment       0x00000044       0x23 c:/devkitpro/devkitarm/bin/../lib/gcc/arm-none-eabi/7.1.0/../../../../arm-none-eabi/lib/thumb\libsysbase.a(malloc_vars.o)
 .comment       0x00000044       0x23 c:/devkitpro/devkitarm/bin/../lib/gcc/arm-none-eabi/7.1.0/../../../../arm-none-eabi/lib/thumb\libsysbase.a(build_argv.o)
 .comment       0x00000044       0x23 c:/devkitpro/devkitarm/bin/../lib/gcc/arm-none-eabi/7.1.0/../../../../arm-none-eabi/lib/thumb\libsysbase.a(flock.o)
 .comment       0x00000044       0x23 c:/devkitpro/devkitarm/bin/../lib/gcc/arm-none-eabi/7.1.0/../../../../arm-none-eabi/lib/thumb\libsysbase.a(syscall_support.o)
 .comment       0x00000044       0x23 c:/devkitpro/devkitarm/bin/../lib/gcc/arm-none-eabi/7.1.0/../../../../arm-none-eabi/lib/thumb\libsysbase.a(handle_manager.o)
 .comment       0x00000044       0x23 c:/devkitpro/devkitarm/bin/../lib/gcc/arm-none-eabi/7.1.0/../../../../arm-none-eabi/lib/thumb\libsysbase.a(getreent.o)
 .comment       0x00000044       0x23 c:/devkitpro/devkitarm/bin/../lib/gcc/arm-none-eabi/7.1.0/thumb\libgcc.a(_muldi3.o)
 .comment       0x00000044       0x23 c:/devkitpro/devkitarm/bin/../lib/gcc/arm-none-eabi/7.1.0/thumb\libgcc.a(_udivmoddi4.o)
 .comment       0x00000044       0x23 c:/devkitpro/devkitarm/bin/../lib/gcc/arm-none-eabi/7.1.0/thumb/crtend.o

.ARM.attributes
                0x00000000       0x2d
 .ARM.attributes
                0x00000000       0x21 c:/devkitpro/devkitarm/bin/../lib/gcc/arm-none-eabi/7.1.0/../../../../arm-none-eabi/lib/thumb/ds_arm9_crt0.o
 .ARM.attributes
                0x00000021       0x16 c:/devkitpro/devkitarm/bin/../lib/gcc/arm-none-eabi/7.1.0/thumb/crti.o
 .ARM.attributes
                0x00000037       0x30 c:/devkitpro/devkitarm/bin/../lib/gcc/arm-none-eabi/7.1.0/thumb/crtbegin.o
 .ARM.attributes
                0x00000067       0x14 logo.o
 .ARM.attributes
                0x0000007b       0x27 main.o
 .ARM.attributes
                0x000000a2       0x2b c:/devkitPro/libnds/lib\libnds9.a(keys.o)
 .ARM.attributes
                0x000000cd       0x2b c:/devkitPro/libnds/lib\libnds9.a(console.o)
 .ARM.attributes
                0x000000f8       0x2b c:/devkitPro/libnds/lib\libnds9.a(background.o)
 .ARM.attributes
                0x00000123       0x2b c:/devkitPro/libnds/lib\libnds9.a(securearea.o)
 .ARM.attributes
                0x0000014e       0x2b c:/devkitPro/libnds/lib\libnds9.a(initSystem.o)
 .ARM.attributes
                0x00000179       0x2b c:/devkitPro/libnds/lib\libnds9.a(fifosystem.o)
 .ARM.attributes
                0x000001a4       0x2b c:/devkitPro/libnds/lib\libnds9.a(libnds_exit.arm.o)
 .ARM.attributes
                0x000001cf       0x2b c:/devkitPro/libnds/lib\libnds9.a(interrupts.o)
 .ARM.attributes
                0x000001fa       0x21 c:/devkitPro/libnds/lib\libnds9.a(cpu_clock.o)
 .ARM.attributes
                0x0000021b       0x21 c:/devkitPro/libnds/lib\libnds9.a(IntrWait.o)
 .ARM.attributes
                0x0000023c       0x21 c:/devkitPro/libnds/lib\libnds9.a(mpu_setup.o)
 .ARM.attributes
                0x0000025d       0x21 c:/devkitPro/libnds/lib\libnds9.a(swiSoftReset.o)
 .ARM.attributes
                0x0000027e       0x1b c:/devkitPro/libnds/lib\libnds9.a(interruptDispatcher.o)
 .ARM.attributes
                0x00000299       0x14 c:/devkitPro/libnds/lib\libnds9.a(default_font.bin.o)
 .ARM.attributes
                0x000002ad       0x2b c:/devkitPro/libnds/lib\libnds9.a(trig.o)
 .ARM.attributes
                0x000002d8       0x2b c:/devkitPro/libnds/lib\libnds9.a(system.o)
 .ARM.attributes
                0x00000303       0x2b c:/devkitPro/libnds/lib\libnds9.a(video.o)
 .ARM.attributes
                0x0000032e       0x2b c:/devkitPro/libnds/lib\libnds9.a(timeSupport.o)
 .ARM.attributes
                0x00000359       0x1b c:/devkitPro/libnds/lib\libnds9.a(biosCalls.o)
 .ARM.attributes
                0x00000374       0x18 c:/devkitpro/devkitarm/bin/../lib/gcc/arm-none-eabi/7.1.0/thumb\libgcc.a(_divsi3.o)
 .ARM.attributes
                0x0000038c       0x16 c:/devkitpro/devkitarm/bin/../lib/gcc/arm-none-eabi/7.1.0/thumb\libgcc.a(_dvmd_tls.o)
 .ARM.attributes
                0x000003a2       0x30 c:/devkitpro/devkitarm/bin/../lib/gcc/arm-none-eabi/7.1.0/../../../../arm-none-eabi/lib/thumb\libg.a(lib_a-init.o)
 .ARM.attributes
                0x000003d2       0x30 c:/devkitpro/devkitarm/bin/../lib/gcc/arm-none-eabi/7.1.0/../../../../arm-none-eabi/lib/thumb\libg.a(lib_a-iprintf.o)
 .ARM.attributes
                0x00000402       0x30 c:/devkitpro/devkitarm/bin/../lib/gcc/arm-none-eabi/7.1.0/../../../../arm-none-eabi/lib/thumb\libg.a(lib_a-memcpy-stub.o)
 .ARM.attributes
                0x00000432       0x30 c:/devkitpro/devkitarm/bin/../lib/gcc/arm-none-eabi/7.1.0/../../../../arm-none-eabi/lib/thumb\libg.a(lib_a-memset.o)
 .ARM.attributes
                0x00000462       0x30 c:/devkitpro/devkitarm/bin/../lib/gcc/arm-none-eabi/7.1.0/../../../../arm-none-eabi/lib/thumb\libg.a(lib_a-printf.o)
 .ARM.attributes
                0x00000492       0x30 c:/devkitpro/devkitarm/bin/../lib/gcc/arm-none-eabi/7.1.0/../../../../arm-none-eabi/lib/thumb\libg.a(lib_a-puts.o)
 .ARM.attributes
                0x000004c2       0x30 c:/devkitpro/devkitarm/bin/../lib/gcc/arm-none-eabi/7.1.0/../../../../arm-none-eabi/lib/thumb\libg.a(lib_a-setvbuf.o)
 .ARM.attributes
                0x000004f2       0x30 c:/devkitpro/devkitarm/bin/../lib/gcc/arm-none-eabi/7.1.0/../../../../arm-none-eabi/lib/thumb\libg.a(lib_a-siscanf.o)
 .ARM.attributes
                0x00000522       0x30 c:/devkitpro/devkitarm/bin/../lib/gcc/arm-none-eabi/7.1.0/../../../../arm-none-eabi/lib/thumb\libg.a(lib_a-stdio.o)
 .ARM.attributes
                0x00000552       0x30 c:/devkitpro/devkitarm/bin/../lib/gcc/arm-none-eabi/7.1.0/../../../../arm-none-eabi/lib/thumb\libg.a(lib_a-strlen-stub.o)
 .ARM.attributes
                0x00000582       0x30 c:/devkitpro/devkitarm/bin/../lib/gcc/arm-none-eabi/7.1.0/../../../../arm-none-eabi/lib/thumb\libg.a(lib_a-svfiscanf.o)
 .ARM.attributes
                0x000005b2       0x30 c:/devkitpro/devkitarm/bin/../lib/gcc/arm-none-eabi/7.1.0/../../../../arm-none-eabi/lib/thumb\libg.a(lib_a-ungetc.o)
 .ARM.attributes
                0x000005e2       0x30 c:/devkitpro/devkitarm/bin/../lib/gcc/arm-none-eabi/7.1.0/../../../../arm-none-eabi/lib/thumb\libg.a(lib_a-vfiprintf.o)
 .ARM.attributes
                0x00000612       0x30 c:/devkitpro/devkitarm/bin/../lib/gcc/arm-none-eabi/7.1.0/../../../../arm-none-eabi/lib/thumb\libg.a(lib_a-vfprintf.o)
 .ARM.attributes
                0x00000642       0x30 c:/devkitpro/devkitarm/bin/../lib/gcc/arm-none-eabi/7.1.0/../../../../arm-none-eabi/lib/thumb\libg.a(lib_a-wcrtomb.o)
 .ARM.attributes
                0x00000672       0x30 c:/devkitpro/devkitarm/bin/../lib/gcc/arm-none-eabi/7.1.0/../../../../arm-none-eabi/lib/thumb\libg.a(lib_a-wcsrtombs.o)
 .ARM.attributes
                0x000006a2       0x30 c:/devkitpro/devkitarm/bin/../lib/gcc/arm-none-eabi/7.1.0/../../../../arm-none-eabi/lib/thumb\libg.a(lib_a-wsetup.o)
 .ARM.attributes
                0x000006d2       0x30 c:/devkitpro/devkitarm/bin/../lib/gcc/arm-none-eabi/7.1.0/../../../../arm-none-eabi/lib/thumb\libg.a(lib_a-dtoa.o)
 .ARM.attributes
                0x00000702       0x30 c:/devkitpro/devkitarm/bin/../lib/gcc/arm-none-eabi/7.1.0/../../../../arm-none-eabi/lib/thumb\libg.a(lib_a-fflush.o)
 .ARM.attributes
                0x00000732       0x30 c:/devkitpro/devkitarm/bin/../lib/gcc/arm-none-eabi/7.1.0/../../../../arm-none-eabi/lib/thumb\libg.a(lib_a-findfp.o)
 .ARM.attributes
                0x00000762       0x30 c:/devkitpro/devkitarm/bin/../lib/gcc/arm-none-eabi/7.1.0/../../../../arm-none-eabi/lib/thumb\libg.a(lib_a-freer.o)
 .ARM.attributes
                0x00000792       0x30 c:/devkitpro/devkitarm/bin/../lib/gcc/arm-none-eabi/7.1.0/../../../../arm-none-eabi/lib/thumb\libg.a(lib_a-fvwrite.o)
 .ARM.attributes
                0x000007c2       0x30 c:/devkitpro/devkitarm/bin/../lib/gcc/arm-none-eabi/7.1.0/../../../../arm-none-eabi/lib/thumb\libg.a(lib_a-fwalk.o)
 .ARM.attributes
                0x000007f2       0x30 c:/devkitpro/devkitarm/bin/../lib/gcc/arm-none-eabi/7.1.0/../../../../arm-none-eabi/lib/thumb\libg.a(lib_a-impure.o)
 .ARM.attributes
                0x00000822       0x30 c:/devkitpro/devkitarm/bin/../lib/gcc/arm-none-eabi/7.1.0/../../../../arm-none-eabi/lib/thumb\libg.a(lib_a-iswspace.o)
 .ARM.attributes
                0x00000852       0x30 c:/devkitpro/devkitarm/bin/../lib/gcc/arm-none-eabi/7.1.0/../../../../arm-none-eabi/lib/thumb\libg.a(lib_a-jp2uc.o)
 .ARM.attributes
                0x00000882       0x30 c:/devkitpro/devkitarm/bin/../lib/gcc/arm-none-eabi/7.1.0/../../../../arm-none-eabi/lib/thumb\libg.a(lib_a-localeconv.o)
 .ARM.attributes
                0x000008b2       0x30 c:/devkitpro/devkitarm/bin/../lib/gcc/arm-none-eabi/7.1.0/../../../../arm-none-eabi/lib/thumb\libg.a(lib_a-locale.o)
 .ARM.attributes
                0x000008e2       0x30 c:/devkitpro/devkitarm/bin/../lib/gcc/arm-none-eabi/7.1.0/../../../../arm-none-eabi/lib/thumb\libg.a(lib_a-makebuf.o)
 .ARM.attributes
                0x00000912       0x30 c:/devkitpro/devkitarm/bin/../lib/gcc/arm-none-eabi/7.1.0/../../../../arm-none-eabi/lib/thumb\libg.a(lib_a-malloc.o)
 .ARM.attributes
                0x00000942       0x30 c:/devkitpro/devkitarm/bin/../lib/gcc/arm-none-eabi/7.1.0/../../../../arm-none-eabi/lib/thumb\libg.a(lib_a-mallocr.o)
 .ARM.attributes
                0x00000972       0x30 c:/devkitpro/devkitarm/bin/../lib/gcc/arm-none-eabi/7.1.0/../../../../arm-none-eabi/lib/thumb\libg.a(lib_a-mbrtowc.o)
 .ARM.attributes
                0x000009a2       0x30 c:/devkitpro/devkitarm/bin/../lib/gcc/arm-none-eabi/7.1.0/../../../../arm-none-eabi/lib/thumb\libg.a(lib_a-mbtowc_r.o)
 .ARM.attributes
                0x000009d2       0x30 c:/devkitpro/devkitarm/bin/../lib/gcc/arm-none-eabi/7.1.0/../../../../arm-none-eabi/lib/thumb\libg.a(lib_a-memchr-stub.o)
 .ARM.attributes
                0x00000a02       0x30 c:/devkitpro/devkitarm/bin/../lib/gcc/arm-none-eabi/7.1.0/../../../../arm-none-eabi/lib/thumb\libg.a(lib_a-memmove.o)
 .ARM.attributes
                0x00000a32       0x30 c:/devkitpro/devkitarm/bin/../lib/gcc/arm-none-eabi/7.1.0/../../../../arm-none-eabi/lib/thumb\libg.a(lib_a-mlock.o)
 .ARM.attributes
                0x00000a62       0x30 c:/devkitpro/devkitarm/bin/../lib/gcc/arm-none-eabi/7.1.0/../../../../arm-none-eabi/lib/thumb\libg.a(lib_a-mprec.o)
 .ARM.attributes
                0x00000a92       0x30 c:/devkitpro/devkitarm/bin/../lib/gcc/arm-none-eabi/7.1.0/../../../../arm-none-eabi/lib/thumb\libg.a(lib_a-reallocr.o)
 .ARM.attributes
                0x00000ac2       0x30 c:/devkitpro/devkitarm/bin/../lib/gcc/arm-none-eabi/7.1.0/../../../../arm-none-eabi/lib/thumb\libg.a(lib_a-sccl.o)
 .ARM.attributes
                0x00000af2       0x30 c:/devkitpro/devkitarm/bin/../lib/gcc/arm-none-eabi/7.1.0/../../../../arm-none-eabi/lib/thumb\libg.a(lib_a-s_frexp.o)
 .ARM.attributes
                0x00000b22       0x16 c:/devkitpro/devkitarm/bin/../lib/gcc/arm-none-eabi/7.1.0/../../../../arm-none-eabi/lib/thumb\libg.a(lib_a-strcmp.o)
 .ARM.attributes
                0x00000b38       0x30 c:/devkitpro/devkitarm/bin/../lib/gcc/arm-none-eabi/7.1.0/../../../../arm-none-eabi/lib/thumb\libg.a(lib_a-strncpy.o)
 .ARM.attributes
                0x00000b68       0x30 c:/devkitpro/devkitarm/bin/../lib/gcc/arm-none-eabi/7.1.0/../../../../arm-none-eabi/lib/thumb\libg.a(lib_a-strtoll.o)
 .ARM.attributes
                0x00000b98       0x30 c:/devkitpro/devkitarm/bin/../lib/gcc/arm-none-eabi/7.1.0/../../../../arm-none-eabi/lib/thumb\libg.a(lib_a-strtol.o)
 .ARM.attributes
                0x00000bc8       0x30 c:/devkitpro/devkitarm/bin/../lib/gcc/arm-none-eabi/7.1.0/../../../../arm-none-eabi/lib/thumb\libg.a(lib_a-strtoull.o)
 .ARM.attributes
                0x00000bf8       0x30 c:/devkitpro/devkitarm/bin/../lib/gcc/arm-none-eabi/7.1.0/../../../../arm-none-eabi/lib/thumb\libg.a(lib_a-strtoul.o)
 .ARM.attributes
                0x00000c28       0x30 c:/devkitpro/devkitarm/bin/../lib/gcc/arm-none-eabi/7.1.0/../../../../arm-none-eabi/lib/thumb\libg.a(lib_a-svfiprintf.o)
 .ARM.attributes
                0x00000c58       0x30 c:/devkitpro/devkitarm/bin/../lib/gcc/arm-none-eabi/7.1.0/../../../../arm-none-eabi/lib/thumb\libg.a(lib_a-wcsnrtombs.o)
 .ARM.attributes
                0x00000c88       0x30 c:/devkitpro/devkitarm/bin/../lib/gcc/arm-none-eabi/7.1.0/../../../../arm-none-eabi/lib/thumb\libg.a(lib_a-wctomb_r.o)
 .ARM.attributes
                0x00000cb8       0x30 c:/devkitpro/devkitarm/bin/../lib/gcc/arm-none-eabi/7.1.0/../../../../arm-none-eabi/lib/thumb\libg.a(lib_a-callocr.o)
 .ARM.attributes
                0x00000ce8       0x30 c:/devkitpro/devkitarm/bin/../lib/gcc/arm-none-eabi/7.1.0/../../../../arm-none-eabi/lib/thumb\libg.a(lib_a-ctype_.o)
 .ARM.attributes
                0x00000d18       0x30 c:/devkitpro/devkitarm/bin/../lib/gcc/arm-none-eabi/7.1.0/../../../../arm-none-eabi/lib/thumb\libg.a(lib_a-fclose.o)
 .ARM.attributes
                0x00000d48       0x30 c:/devkitpro/devkitarm/bin/../lib/gcc/arm-none-eabi/7.1.0/../../../../arm-none-eabi/lib/thumb\libsysbase.a(iosupport.o)
 .ARM.attributes
                0x00000d78       0x30 c:/devkitpro/devkitarm/bin/../lib/gcc/arm-none-eabi/7.1.0/../../../../arm-none-eabi/lib/thumb\libsysbase.a(close.o)
 .ARM.attributes
                0x00000da8       0x30 c:/devkitpro/devkitarm/bin/../lib/gcc/arm-none-eabi/7.1.0/../../../../arm-none-eabi/lib/thumb\libsysbase.a(fstat.o)
 .ARM.attributes
                0x00000dd8       0x30 c:/devkitpro/devkitarm/bin/../lib/gcc/arm-none-eabi/7.1.0/../../../../arm-none-eabi/lib/thumb\libsysbase.a(isatty.o)
 .ARM.attributes
                0x00000e08       0x30 c:/devkitpro/devkitarm/bin/../lib/gcc/arm-none-eabi/7.1.0/../../../../arm-none-eabi/lib/thumb\libsysbase.a(lseek.o)
 .ARM.attributes
                0x00000e38       0x30 c:/devkitpro/devkitarm/bin/../lib/gcc/arm-none-eabi/7.1.0/../../../../arm-none-eabi/lib/thumb\libsysbase.a(read.o)
 .ARM.attributes
                0x00000e68       0x30 c:/devkitpro/devkitarm/bin/../lib/gcc/arm-none-eabi/7.1.0/../../../../arm-none-eabi/lib/thumb\libsysbase.a(sbrk.o)
 .ARM.attributes
                0x00000e98       0x30 c:/devkitpro/devkitarm/bin/../lib/gcc/arm-none-eabi/7.1.0/../../../../arm-none-eabi/lib/thumb\libsysbase.a(write.o)
 .ARM.attributes
                0x00000ec8       0x30 c:/devkitpro/devkitarm/bin/../lib/gcc/arm-none-eabi/7.1.0/../../../../arm-none-eabi/lib/thumb\libsysbase.a(malloc_vars.o)
 .ARM.attributes
                0x00000ef8       0x30 c:/devkitpro/devkitarm/bin/../lib/gcc/arm-none-eabi/7.1.0/../../../../arm-none-eabi/lib/thumb\libsysbase.a(build_argv.o)
 .ARM.attributes
                0x00000f28       0x30 c:/devkitpro/devkitarm/bin/../lib/gcc/arm-none-eabi/7.1.0/../../../../arm-none-eabi/lib/thumb\libsysbase.a(flock.o)
 .ARM.attributes
                0x00000f58       0x30 c:/devkitpro/devkitarm/bin/../lib/gcc/arm-none-eabi/7.1.0/../../../../arm-none-eabi/lib/thumb\libsysbase.a(syscall_support.o)
 .ARM.attributes
                0x00000f88       0x30 c:/devkitpro/devkitarm/bin/../lib/gcc/arm-none-eabi/7.1.0/../../../../arm-none-eabi/lib/thumb\libsysbase.a(handle_manager.o)
 .ARM.attributes
                0x00000fb8       0x30 c:/devkitpro/devkitarm/bin/../lib/gcc/arm-none-eabi/7.1.0/../../../../arm-none-eabi/lib/thumb\libsysbase.a(getreent.o)
 .ARM.attributes
                0x00000fe8       0x18 c:/devkitpro/devkitarm/bin/../lib/gcc/arm-none-eabi/7.1.0/thumb\libgcc.a(_udivsi3.o)
 .ARM.attributes
                0x00001000       0x18 c:/devkitpro/devkitarm/bin/../lib/gcc/arm-none-eabi/7.1.0/thumb\libgcc.a(_arm_addsubdf3.o)
 .ARM.attributes
                0x00001018       0x18 c:/devkitpro/devkitarm/bin/../lib/gcc/arm-none-eabi/7.1.0/thumb\libgcc.a(_arm_muldivdf3.o)
 .ARM.attributes
                0x00001030       0x18 c:/devkitpro/devkitarm/bin/../lib/gcc/arm-none-eabi/7.1.0/thumb\libgcc.a(_arm_cmpdf2.o)
 .ARM.attributes
                0x00001048       0x18 c:/devkitpro/devkitarm/bin/../lib/gcc/arm-none-eabi/7.1.0/thumb\libgcc.a(_arm_unorddf2.o)
 .ARM.attributes
                0x00001060       0x18 c:/devkitpro/devkitarm/bin/../lib/gcc/arm-none-eabi/7.1.0/thumb\libgcc.a(_arm_fixdfsi.o)
 .ARM.attributes
                0x00001078       0x18 c:/devkitpro/devkitarm/bin/../lib/gcc/arm-none-eabi/7.1.0/thumb\libgcc.a(_aeabi_uldivmod.o)
 .ARM.attributes
                0x00001090       0x30 c:/devkitpro/devkitarm/bin/../lib/gcc/arm-none-eabi/7.1.0/thumb\libgcc.a(_muldi3.o)
 .ARM.attributes
                0x000010c0       0x30 c:/devkitpro/devkitarm/bin/../lib/gcc/arm-none-eabi/7.1.0/thumb\libgcc.a(_udivmoddi4.o)
 .ARM.attributes
                0x000010f0       0x18 c:/devkitpro/devkitarm/bin/../lib/gcc/arm-none-eabi/7.1.0/thumb\libgcc.a(_clzdi2.o)
 .ARM.attributes
                0x00001108       0x18 c:/devkitpro/devkitarm/bin/../lib/gcc/arm-none-eabi/7.1.0/thumb\libgcc.a(_clzsi2.o)
 .ARM.attributes
                0x00001120       0x30 c:/devkitpro/devkitarm/bin/../lib/gcc/arm-none-eabi/7.1.0/thumb/crtend.o
 .ARM.attributes
                0x00001150       0x16 c:/devkitpro/devkitarm/bin/../lib/gcc/arm-none-eabi/7.1.0/thumb/crtn.o

.debug
 *(.debug)

.line
 *(.line)

.debug_srcinfo
 *(.debug_srcinfo)

.debug_sfnames
 *(.debug_sfnames)

.debug_aranges  0x00000000      0x568
 *(.debug_aranges)
 .debug_aranges
                0x00000000       0x20 main.o
 .debug_aranges
                0x00000020       0x50 c:/devkitPro/libnds/lib\libnds9.a(keys.o)
 .debug_aranges
                0x00000070       0x88 c:/devkitPro/libnds/lib\libnds9.a(console.o)
 .debug_aranges
                0x000000f8       0x48 c:/devkitPro/libnds/lib\libnds9.a(background.o)
 .debug_aranges
                0x00000140       0x18 c:/devkitPro/libnds/lib\libnds9.a(securearea.o)
 .debug_aranges
                0x00000158       0x20 c:/devkitPro/libnds/lib\libnds9.a(initSystem.o)
 .debug_aranges
                0x00000178       0xc8 c:/devkitPro/libnds/lib\libnds9.a(fifosystem.o)
 .debug_aranges
                0x00000240       0x28 c:/devkitPro/libnds/lib\libnds9.a(libnds_exit.arm.o)
 .debug_aranges
                0x00000268       0x50 c:/devkitPro/libnds/lib\libnds9.a(interrupts.o)
 .debug_aranges
                0x000002b8       0x20 c:/devkitPro/libnds/lib\libnds9.a(cpu_clock.o)
 .debug_aranges
                0x000002d8       0x28 c:/devkitPro/libnds/lib\libnds9.a(IntrWait.o)
 .debug_aranges
                0x00000300       0x30 c:/devkitPro/libnds/lib\libnds9.a(mpu_setup.o)
 .debug_aranges
                0x00000330       0x20 c:/devkitPro/libnds/lib\libnds9.a(swiSoftReset.o)
 .debug_aranges
                0x00000350       0x20 c:/devkitPro/libnds/lib\libnds9.a(interruptDispatcher.o)
 .debug_aranges
                0x00000370       0x60 c:/devkitPro/libnds/lib\libnds9.a(trig.o)
 .debug_aranges
                0x000003d0       0x68 c:/devkitPro/libnds/lib\libnds9.a(system.o)
 .debug_aranges
                0x00000438       0x48 c:/devkitPro/libnds/lib\libnds9.a(video.o)
 .debug_aranges
                0x00000480       0x20 c:/devkitPro/libnds/lib\libnds9.a(timeSupport.o)
 .debug_aranges
                0x000004a0       0xc8 c:/devkitPro/libnds/lib\libnds9.a(biosCalls.o)

.debug_pubnames
 *(.debug_pubnames)

.debug_info     0x00000000     0xeb89
 *(.debug_info)
 .debug_info    0x00000000     0x24e6 main.o
 .debug_info    0x000024e6      0xd35 c:/devkitPro/libnds/lib\libnds9.a(keys.o)
 .debug_info    0x0000321b     0x253a c:/devkitPro/libnds/lib\libnds9.a(console.o)
 .debug_info    0x00005755     0x1269 c:/devkitPro/libnds/lib\libnds9.a(background.o)
 .debug_info    0x000069be       0x58 c:/devkitPro/libnds/lib\libnds9.a(securearea.o)
 .debug_info    0x00006a16     0x1c23 c:/devkitPro/libnds/lib\libnds9.a(initSystem.o)
 .debug_info    0x00008639     0x1f7b c:/devkitPro/libnds/lib\libnds9.a(fifosystem.o)
 .debug_info    0x0000a5b4      0xc50 c:/devkitPro/libnds/lib\libnds9.a(libnds_exit.arm.o)
 .debug_info    0x0000b204      0x66d c:/devkitPro/libnds/lib\libnds9.a(interrupts.o)
 .debug_info    0x0000b871       0x26 c:/devkitPro/libnds/lib\libnds9.a(cpu_clock.o)
 .debug_info    0x0000b897       0x22 c:/devkitPro/libnds/lib\libnds9.a(IntrWait.o)
 .debug_info    0x0000b8b9       0x22 c:/devkitPro/libnds/lib\libnds9.a(mpu_setup.o)